Archive member included because of file (symbol)

c:/program files (x86)/atmel/atmel toolchain/avr8 gcc/native/3.4.1056/avr8-gnu-toolchain/bin/../lib/gcc/avr/4.8.1/avr5\libgcc.a(_divmodhi4.o)
                              menu.o (__divmodhi4)
c:/program files (x86)/atmel/atmel toolchain/avr8 gcc/native/3.4.1056/avr8-gnu-toolchain/bin/../lib/gcc/avr/4.8.1/avr5\libgcc.a(_exit.o)
                              c:/program files (x86)/atmel/atmel toolchain/avr8 gcc/native/3.4.1056/avr8-gnu-toolchain/bin/../lib/gcc/avr/4.8.1/../../../../avr/lib/avr5/crtm328p.o (exit)
c:/program files (x86)/atmel/atmel toolchain/avr8 gcc/native/3.4.1056/avr8-gnu-toolchain/bin/../lib/gcc/avr/4.8.1/avr5\libgcc.a(_copy_data.o)
                              menu.o (__do_copy_data)
c:/program files (x86)/atmel/atmel toolchain/avr8 gcc/native/3.4.1056/avr8-gnu-toolchain/bin/../lib/gcc/avr/4.8.1/avr5\libgcc.a(_clear_bss.o)
                              Encoder/encoder.o (__do_clear_bss)
c:/program files (x86)/atmel/atmel toolchain/avr8 gcc/native/3.4.1056/avr8-gnu-toolchain/bin/../lib/gcc/avr/4.8.1/avr5\libgcc.a(_udivmodhi4.o)
                              c:/program files (x86)/atmel/atmel toolchain/avr8 gcc/native/3.4.1056/avr8-gnu-toolchain/bin/../lib/gcc/avr/4.8.1/avr5\libgcc.a(_divmodhi4.o) (__udivmodhi4)

Allocating common symbols
Common symbol       size              file

GLCD_y              0x1               ST7565/ST7565.o
GLCD_x              0x1               ST7565/ST7565.o
LCD_FrameBuffer     0x204             ST7565/ST7565.o

Discarded input sections

 .bss           0x00000000        0x0 c:/program files (x86)/atmel/atmel toolchain/avr8 gcc/native/3.4.1056/avr8-gnu-toolchain/bin/../lib/gcc/avr/4.8.1/../../../../avr/lib/avr5/crtm328p.o
 .text          0x00000000        0x0 Encoder/encoder.o
 .bss           0x00000000        0x0 Encoder/encoder.o
 .text.Timer0Init
                0x00000000       0x10 Encoder/encoder.o
 .text.Read1StepEncoder
                0x00000000        0xe Encoder/encoder.o
 .text.Read2StepEncoder
                0x00000000       0x14 Encoder/encoder.o
 .text          0x00000000        0x0 Fonts/terminal16x16.o
 .bss           0x00000000        0x0 Fonts/terminal16x16.o
 .progmem.data.system16_array
                0x00000000       0xc2 Fonts/terminal16x16.o
 .progmem.data.image_data_system16_0x7e
                0x00000000       0x19 Fonts/terminal16x16.o
 .progmem.data.image_data_system16_0x7d
                0x00000000       0x19 Fonts/terminal16x16.o
 .progmem.data.image_data_system16_0x7c
                0x00000000       0x19 Fonts/terminal16x16.o
 .progmem.data.image_data_system16_0x7b
                0x00000000       0x19 Fonts/terminal16x16.o
 .progmem.data.image_data_system16_0x7a
                0x00000000       0x19 Fonts/terminal16x16.o
 .progmem.data.image_data_system16_0x79
                0x00000000       0x19 Fonts/terminal16x16.o
 .progmem.data.image_data_system16_0x78
                0x00000000       0x19 Fonts/terminal16x16.o
 .progmem.data.image_data_system16_0x77
                0x00000000       0x19 Fonts/terminal16x16.o
 .progmem.data.image_data_system16_0x76
                0x00000000       0x19 Fonts/terminal16x16.o
 .progmem.data.image_data_system16_0x75
                0x00000000       0x19 Fonts/terminal16x16.o
 .progmem.data.image_data_system16_0x74
                0x00000000       0x19 Fonts/terminal16x16.o
 .progmem.data.image_data_system16_0x73
                0x00000000       0x19 Fonts/terminal16x16.o
 .progmem.data.image_data_system16_0x72
                0x00000000       0x19 Fonts/terminal16x16.o
 .progmem.data.image_data_system16_0x71
                0x00000000       0x19 Fonts/terminal16x16.o
 .progmem.data.image_data_system16_0x70
                0x00000000       0x19 Fonts/terminal16x16.o
 .progmem.data.image_data_system16_0x6f
                0x00000000       0x19 Fonts/terminal16x16.o
 .progmem.data.image_data_system16_0x6e
                0x00000000       0x19 Fonts/terminal16x16.o
 .progmem.data.image_data_system16_0x6d
                0x00000000       0x19 Fonts/terminal16x16.o
 .progmem.data.image_data_system16_0x6c
                0x00000000       0x19 Fonts/terminal16x16.o
 .progmem.data.image_data_system16_0x6b
                0x00000000       0x19 Fonts/terminal16x16.o
 .progmem.data.image_data_system16_0x6a
                0x00000000       0x19 Fonts/terminal16x16.o
 .progmem.data.image_data_system16_0x69
                0x00000000       0x19 Fonts/terminal16x16.o
 .progmem.data.image_data_system16_0x68
                0x00000000       0x19 Fonts/terminal16x16.o
 .progmem.data.image_data_system16_0x67
                0x00000000       0x19 Fonts/terminal16x16.o
 .progmem.data.image_data_system16_0x66
                0x00000000       0x19 Fonts/terminal16x16.o
 .progmem.data.image_data_system16_0x65
                0x00000000       0x19 Fonts/terminal16x16.o
 .progmem.data.image_data_system16_0x64
                0x00000000       0x19 Fonts/terminal16x16.o
 .progmem.data.image_data_system16_0x63
                0x00000000       0x19 Fonts/terminal16x16.o
 .progmem.data.image_data_system16_0x62
                0x00000000       0x19 Fonts/terminal16x16.o
 .progmem.data.image_data_system16_0x61
                0x00000000       0x19 Fonts/terminal16x16.o
 .progmem.data.image_data_system16_0x60
                0x00000000       0x19 Fonts/terminal16x16.o
 .progmem.data.image_data_system16_0x5f
                0x00000000       0x19 Fonts/terminal16x16.o
 .progmem.data.image_data_system16_0x5e
                0x00000000       0x19 Fonts/terminal16x16.o
 .progmem.data.image_data_system16_0x5d
                0x00000000       0x19 Fonts/terminal16x16.o
 .progmem.data.image_data_system16_0x5c
                0x00000000       0x19 Fonts/terminal16x16.o
 .progmem.data.image_data_system16_0x5b
                0x00000000       0x19 Fonts/terminal16x16.o
 .progmem.data.image_data_system16_0x5a
                0x00000000       0x19 Fonts/terminal16x16.o
 .progmem.data.image_data_system16_0x59
                0x00000000       0x19 Fonts/terminal16x16.o
 .progmem.data.image_data_system16_0x58
                0x00000000       0x19 Fonts/terminal16x16.o
 .progmem.data.image_data_system16_0x57
                0x00000000       0x19 Fonts/terminal16x16.o
 .progmem.data.image_data_system16_0x56
                0x00000000       0x19 Fonts/terminal16x16.o
 .progmem.data.image_data_system16_0x55
                0x00000000       0x19 Fonts/terminal16x16.o
 .progmem.data.image_data_system16_0x54
                0x00000000       0x19 Fonts/terminal16x16.o
 .progmem.data.image_data_system16_0x53
                0x00000000       0x19 Fonts/terminal16x16.o
 .progmem.data.image_data_system16_0x52
                0x00000000       0x19 Fonts/terminal16x16.o
 .progmem.data.image_data_system16_0x51
                0x00000000       0x19 Fonts/terminal16x16.o
 .progmem.data.image_data_system16_0x50
                0x00000000       0x19 Fonts/terminal16x16.o
 .progmem.data.image_data_system16_0x4f
                0x00000000       0x19 Fonts/terminal16x16.o
 .progmem.data.image_data_system16_0x4e
                0x00000000       0x19 Fonts/terminal16x16.o
 .progmem.data.image_data_system16_0x4d
                0x00000000       0x19 Fonts/terminal16x16.o
 .progmem.data.image_data_system16_0x4c
                0x00000000       0x19 Fonts/terminal16x16.o
 .progmem.data.image_data_system16_0x4b
                0x00000000       0x19 Fonts/terminal16x16.o
 .progmem.data.image_data_system16_0x4a
                0x00000000       0x19 Fonts/terminal16x16.o
 .progmem.data.image_data_system16_0x49
                0x00000000       0x19 Fonts/terminal16x16.o
 .progmem.data.image_data_system16_0x48
                0x00000000       0x19 Fonts/terminal16x16.o
 .progmem.data.image_data_system16_0x47
                0x00000000       0x19 Fonts/terminal16x16.o
 .progmem.data.image_data_system16_0x46
                0x00000000       0x19 Fonts/terminal16x16.o
 .progmem.data.image_data_system16_0x45
                0x00000000       0x19 Fonts/terminal16x16.o
 .progmem.data.image_data_system16_0x44
                0x00000000       0x19 Fonts/terminal16x16.o
 .progmem.data.image_data_system16_0x43
                0x00000000       0x19 Fonts/terminal16x16.o
 .progmem.data.image_data_system16_0x42
                0x00000000       0x19 Fonts/terminal16x16.o
 .progmem.data.image_data_system16_0x41
                0x00000000       0x19 Fonts/terminal16x16.o
 .progmem.data.image_data_system16_0x40
                0x00000000       0x19 Fonts/terminal16x16.o
 .progmem.data.image_data_system16_0x3f
                0x00000000       0x19 Fonts/terminal16x16.o
 .progmem.data.image_data_system16_0x3e
                0x00000000       0x19 Fonts/terminal16x16.o
 .progmem.data.image_data_system16_0x3d
                0x00000000       0x19 Fonts/terminal16x16.o
 .progmem.data.image_data_system16_0x3c
                0x00000000       0x19 Fonts/terminal16x16.o
 .progmem.data.image_data_system16_0x3b
                0x00000000       0x19 Fonts/terminal16x16.o
 .progmem.data.image_data_system16_0x3a
                0x00000000       0x19 Fonts/terminal16x16.o
 .progmem.data.image_data_system16_0x39
                0x00000000       0x19 Fonts/terminal16x16.o
 .progmem.data.image_data_system16_0x38
                0x00000000       0x19 Fonts/terminal16x16.o
 .progmem.data.image_data_system16_0x37
                0x00000000       0x19 Fonts/terminal16x16.o
 .progmem.data.image_data_system16_0x36
                0x00000000       0x19 Fonts/terminal16x16.o
 .progmem.data.image_data_system16_0x35
                0x00000000       0x19 Fonts/terminal16x16.o
 .progmem.data.image_data_system16_0x34
                0x00000000       0x19 Fonts/terminal16x16.o
 .progmem.data.image_data_system16_0x33
                0x00000000       0x19 Fonts/terminal16x16.o
 .progmem.data.image_data_system16_0x32
                0x00000000       0x19 Fonts/terminal16x16.o
 .progmem.data.image_data_system16_0x31
                0x00000000       0x19 Fonts/terminal16x16.o
 .progmem.data.image_data_system16_0x30
                0x00000000       0x19 Fonts/terminal16x16.o
 .progmem.data.image_data_system16_0x2f
                0x00000000       0x19 Fonts/terminal16x16.o
 .progmem.data.image_data_system16_0x2e
                0x00000000       0x19 Fonts/terminal16x16.o
 .progmem.data.image_data_system16_0x2d
                0x00000000       0x19 Fonts/terminal16x16.o
 .progmem.data.image_data_system16_0x2c
                0x00000000       0x19 Fonts/terminal16x16.o
 .progmem.data.image_data_system16_0x2b
                0x00000000       0x19 Fonts/terminal16x16.o
 .progmem.data.image_data_system16_0x2a
                0x00000000       0x19 Fonts/terminal16x16.o
 .progmem.data.image_data_system16_0x29
                0x00000000       0x19 Fonts/terminal16x16.o
 .progmem.data.image_data_system16_0x28
                0x00000000       0x19 Fonts/terminal16x16.o
 .progmem.data.image_data_system16_0x27
                0x00000000       0x19 Fonts/terminal16x16.o
 .progmem.data.image_data_system16_0x26
                0x00000000       0x19 Fonts/terminal16x16.o
 .progmem.data.image_data_system16_0x25
                0x00000000       0x19 Fonts/terminal16x16.o
 .progmem.data.image_data_system16_0x24
                0x00000000       0x19 Fonts/terminal16x16.o
 .progmem.data.image_data_system16_0x23
                0x00000000       0x19 Fonts/terminal16x16.o
 .progmem.data.image_data_system16_0x22
                0x00000000       0x19 Fonts/terminal16x16.o
 .progmem.data.image_data_system16_0x21
                0x00000000       0x19 Fonts/terminal16x16.o
 .progmem.data.image_data_system16_0x20
                0x00000000       0x19 Fonts/terminal16x16.o
 .text          0x00000000        0x0 Fonts/terminal5x12.o
 .bss           0x00000000        0x0 Fonts/terminal5x12.o
 .progmem.data.system12_array
                0x00000000       0xc2 Fonts/terminal5x12.o
 .progmem.data.image_data_system12_0x7e
                0x00000000        0x9 Fonts/terminal5x12.o
 .progmem.data.image_data_system12_0x7d
                0x00000000        0x9 Fonts/terminal5x12.o
 .progmem.data.image_data_system12_0x7c
                0x00000000        0x9 Fonts/terminal5x12.o
 .progmem.data.image_data_system12_0x7b
                0x00000000        0x9 Fonts/terminal5x12.o
 .progmem.data.image_data_system12_0x7a
                0x00000000        0x9 Fonts/terminal5x12.o
 .progmem.data.image_data_system12_0x79
                0x00000000        0x9 Fonts/terminal5x12.o
 .progmem.data.image_data_system12_0x78
                0x00000000        0x9 Fonts/terminal5x12.o
 .progmem.data.image_data_system12_0x77
                0x00000000        0x9 Fonts/terminal5x12.o
 .progmem.data.image_data_system12_0x76
                0x00000000        0x9 Fonts/terminal5x12.o
 .progmem.data.image_data_system12_0x75
                0x00000000        0x9 Fonts/terminal5x12.o
 .progmem.data.image_data_system12_0x74
                0x00000000        0x9 Fonts/terminal5x12.o
 .progmem.data.image_data_system12_0x73
                0x00000000        0x9 Fonts/terminal5x12.o
 .progmem.data.image_data_system12_0x72
                0x00000000        0x9 Fonts/terminal5x12.o
 .progmem.data.image_data_system12_0x71
                0x00000000        0x9 Fonts/terminal5x12.o
 .progmem.data.image_data_system12_0x70
                0x00000000        0x9 Fonts/terminal5x12.o
 .progmem.data.image_data_system12_0x6f
                0x00000000        0x9 Fonts/terminal5x12.o
 .progmem.data.image_data_system12_0x6e
                0x00000000        0x9 Fonts/terminal5x12.o
 .progmem.data.image_data_system12_0x6d
                0x00000000        0x9 Fonts/terminal5x12.o
 .progmem.data.image_data_system12_0x6c
                0x00000000        0x9 Fonts/terminal5x12.o
 .progmem.data.image_data_system12_0x6b
                0x00000000        0x9 Fonts/terminal5x12.o
 .progmem.data.image_data_system12_0x6a
                0x00000000        0x9 Fonts/terminal5x12.o
 .progmem.data.image_data_system12_0x69
                0x00000000        0x9 Fonts/terminal5x12.o
 .progmem.data.image_data_system12_0x68
                0x00000000        0x9 Fonts/terminal5x12.o
 .progmem.data.image_data_system12_0x67
                0x00000000        0x9 Fonts/terminal5x12.o
 .progmem.data.image_data_system12_0x66
                0x00000000        0x9 Fonts/terminal5x12.o
 .progmem.data.image_data_system12_0x65
                0x00000000        0x9 Fonts/terminal5x12.o
 .progmem.data.image_data_system12_0x64
                0x00000000        0x9 Fonts/terminal5x12.o
 .progmem.data.image_data_system12_0x63
                0x00000000        0x9 Fonts/terminal5x12.o
 .progmem.data.image_data_system12_0x62
                0x00000000        0x9 Fonts/terminal5x12.o
 .progmem.data.image_data_system12_0x61
                0x00000000        0x9 Fonts/terminal5x12.o
 .progmem.data.image_data_system12_0x60
                0x00000000        0x9 Fonts/terminal5x12.o
 .progmem.data.image_data_system12_0x5f
                0x00000000        0x9 Fonts/terminal5x12.o
 .progmem.data.image_data_system12_0x5e
                0x00000000        0x9 Fonts/terminal5x12.o
 .progmem.data.image_data_system12_0x5d
                0x00000000        0x9 Fonts/terminal5x12.o
 .progmem.data.image_data_system12_0x5c
                0x00000000        0x9 Fonts/terminal5x12.o
 .progmem.data.image_data_system12_0x5b
                0x00000000        0x9 Fonts/terminal5x12.o
 .progmem.data.image_data_system12_0x5a
                0x00000000        0x9 Fonts/terminal5x12.o
 .progmem.data.image_data_system12_0x59
                0x00000000        0x9 Fonts/terminal5x12.o
 .progmem.data.image_data_system12_0x58
                0x00000000        0x9 Fonts/terminal5x12.o
 .progmem.data.image_data_system12_0x57
                0x00000000        0x9 Fonts/terminal5x12.o
 .progmem.data.image_data_system12_0x56
                0x00000000        0x9 Fonts/terminal5x12.o
 .progmem.data.image_data_system12_0x55
                0x00000000        0x9 Fonts/terminal5x12.o
 .progmem.data.image_data_system12_0x54
                0x00000000        0x9 Fonts/terminal5x12.o
 .progmem.data.image_data_system12_0x53
                0x00000000        0x9 Fonts/terminal5x12.o
 .progmem.data.image_data_system12_0x52
                0x00000000        0x9 Fonts/terminal5x12.o
 .progmem.data.image_data_system12_0x51
                0x00000000        0x9 Fonts/terminal5x12.o
 .progmem.data.image_data_system12_0x50
                0x00000000        0x9 Fonts/terminal5x12.o
 .progmem.data.image_data_system12_0x4f
                0x00000000        0x9 Fonts/terminal5x12.o
 .progmem.data.image_data_system12_0x4e
                0x00000000        0x9 Fonts/terminal5x12.o
 .progmem.data.image_data_system12_0x4d
                0x00000000        0x9 Fonts/terminal5x12.o
 .progmem.data.image_data_system12_0x4c
                0x00000000        0x9 Fonts/terminal5x12.o
 .progmem.data.image_data_system12_0x4b
                0x00000000        0x9 Fonts/terminal5x12.o
 .progmem.data.image_data_system12_0x4a
                0x00000000        0x9 Fonts/terminal5x12.o
 .progmem.data.image_data_system12_0x49
                0x00000000        0x9 Fonts/terminal5x12.o
 .progmem.data.image_data_system12_0x48
                0x00000000        0x9 Fonts/terminal5x12.o
 .progmem.data.image_data_system12_0x47
                0x00000000        0x9 Fonts/terminal5x12.o
 .progmem.data.image_data_system12_0x46
                0x00000000        0x9 Fonts/terminal5x12.o
 .progmem.data.image_data_system12_0x45
                0x00000000        0x9 Fonts/terminal5x12.o
 .progmem.data.image_data_system12_0x44
                0x00000000        0x9 Fonts/terminal5x12.o
 .progmem.data.image_data_system12_0x43
                0x00000000        0x9 Fonts/terminal5x12.o
 .progmem.data.image_data_system12_0x42
                0x00000000        0x9 Fonts/terminal5x12.o
 .progmem.data.image_data_system12_0x41
                0x00000000        0x9 Fonts/terminal5x12.o
 .progmem.data.image_data_system12_0x40
                0x00000000        0x9 Fonts/terminal5x12.o
 .progmem.data.image_data_system12_0x3f
                0x00000000        0x9 Fonts/terminal5x12.o
 .progmem.data.image_data_system12_0x3e
                0x00000000        0x9 Fonts/terminal5x12.o
 .progmem.data.image_data_system12_0x3d
                0x00000000        0x9 Fonts/terminal5x12.o
 .progmem.data.image_data_system12_0x3c
                0x00000000        0x9 Fonts/terminal5x12.o
 .progmem.data.image_data_system12_0x3b
                0x00000000        0x9 Fonts/terminal5x12.o
 .progmem.data.image_data_system12_0x3a
                0x00000000        0x9 Fonts/terminal5x12.o
 .progmem.data.image_data_system12_0x39
                0x00000000        0x9 Fonts/terminal5x12.o
 .progmem.data.image_data_system12_0x38
                0x00000000        0x9 Fonts/terminal5x12.o
 .progmem.data.image_data_system12_0x37
                0x00000000        0x9 Fonts/terminal5x12.o
 .progmem.data.image_data_system12_0x36
                0x00000000        0x9 Fonts/terminal5x12.o
 .progmem.data.image_data_system12_0x35
                0x00000000        0x9 Fonts/terminal5x12.o
 .progmem.data.image_data_system12_0x34
                0x00000000        0x9 Fonts/terminal5x12.o
 .progmem.data.image_data_system12_0x33
                0x00000000        0x9 Fonts/terminal5x12.o
 .progmem.data.image_data_system12_0x32
                0x00000000        0x9 Fonts/terminal5x12.o
 .progmem.data.image_data_system12_0x31
                0x00000000        0x9 Fonts/terminal5x12.o
 .progmem.data.image_data_system12_0x30
                0x00000000        0x9 Fonts/terminal5x12.o
 .progmem.data.image_data_system12_0x2f
                0x00000000        0x9 Fonts/terminal5x12.o
 .progmem.data.image_data_system12_0x2e
                0x00000000        0x9 Fonts/terminal5x12.o
 .progmem.data.image_data_system12_0x2d
                0x00000000        0x9 Fonts/terminal5x12.o
 .progmem.data.image_data_system12_0x2c
                0x00000000        0x9 Fonts/terminal5x12.o
 .progmem.data.image_data_system12_0x2b
                0x00000000        0x9 Fonts/terminal5x12.o
 .progmem.data.image_data_system12_0x2a
                0x00000000        0x9 Fonts/terminal5x12.o
 .progmem.data.image_data_system12_0x29
                0x00000000        0x9 Fonts/terminal5x12.o
 .progmem.data.image_data_system12_0x28
                0x00000000        0x9 Fonts/terminal5x12.o
 .progmem.data.image_data_system12_0x27
                0x00000000        0x9 Fonts/terminal5x12.o
 .progmem.data.image_data_system12_0x26
                0x00000000        0x9 Fonts/terminal5x12.o
 .progmem.data.image_data_system12_0x25
                0x00000000        0x9 Fonts/terminal5x12.o
 .progmem.data.image_data_system12_0x24
                0x00000000        0x9 Fonts/terminal5x12.o
 .progmem.data.image_data_system12_0x23
                0x00000000        0x9 Fonts/terminal5x12.o
 .progmem.data.image_data_system12_0x22
                0x00000000        0x9 Fonts/terminal5x12.o
 .progmem.data.image_data_system12_0x21
                0x00000000        0x9 Fonts/terminal5x12.o
 .progmem.data.image_data_system12_0x20
                0x00000000        0x9 Fonts/terminal5x12.o
 .text          0x00000000        0x0 Fonts/terminal8x8b.o
 .bss           0x00000000        0x0 Fonts/terminal8x8b.o
 .text          0x00000000        0x0 menu.o
 .bss           0x00000000        0x0 menu.o
 .text          0x00000000        0x0 menudef.o
 .bss           0x00000000        0x0 menudef.o
 .text          0x00000000        0x0 SPI/SPI.o
 .bss           0x00000000        0x0 SPI/SPI.o
 .text          0x00000000        0x0 Main.o
 .bss           0x00000000        0x0 Main.o
 .text.LCD_BackLight_Init
                0x00000000       0x1c Main.o
 .text          0x00000000        0x0 ST7565/ST7565.o
 .bss           0x00000000        0x0 ST7565/ST7565.o
 .text.st7565r_write_data_at
                0x00000000       0x40 ST7565/ST7565.o
 .text.st7565r_set_display_start_line_address
                0x00000000        0x8 ST7565/ST7565.o
 .text.st7565r_LCD_test
                0x00000000        0xe ST7565/ST7565.o
 .text.st7565r_SetPixel
                0x00000000       0x58 ST7565/ST7565.o
 .text.st7565r_CpyFramebuffer
                0x00000000       0x50 ST7565/ST7565.o
 .text.st7565r_LineTo
                0x00000000      0x104 ST7565/ST7565.o
 .text.st7565r_MoveTo
                0x00000000        0xa ST7565/ST7565.o
 .text.st7565r_DrawHLine
                0x00000000       0x2c ST7565/ST7565.o
 .text.st7565r_Circle
                0x00000000      0x144 ST7565/ST7565.o
 .text.st7565r_DrawRect
                0x00000000       0x44 ST7565/ST7565.o
 .text          0x00000000        0x0 c:/program files (x86)/atmel/atmel toolchain/avr8 gcc/native/3.4.1056/avr8-gnu-toolchain/bin/../lib/gcc/avr/4.8.1/avr5\libgcc.a(_divmodhi4.o)
 .bss           0x00000000        0x0 c:/program files (x86)/atmel/atmel toolchain/avr8 gcc/native/3.4.1056/avr8-gnu-toolchain/bin/../lib/gcc/avr/4.8.1/avr5\libgcc.a(_divmodhi4.o)
 .text.libgcc.mul
                0x00000000        0x0 c:/program files (x86)/atmel/atmel toolchain/avr8 gcc/native/3.4.1056/avr8-gnu-toolchain/bin/../lib/gcc/avr/4.8.1/avr5\libgcc.a(_divmodhi4.o)
 .text.libgcc   0x00000000        0x0 c:/program files (x86)/atmel/atmel toolchain/avr8 gcc/native/3.4.1056/avr8-gnu-toolchain/bin/../lib/gcc/avr/4.8.1/avr5\libgcc.a(_divmodhi4.o)
 .text.libgcc.prologue
                0x00000000        0x0 c:/program files (x86)/atmel/atmel toolchain/avr8 gcc/native/3.4.1056/avr8-gnu-toolchain/bin/../lib/gcc/avr/4.8.1/avr5\libgcc.a(_divmodhi4.o)
 .text.libgcc.builtins
                0x00000000        0x0 c:/program files (x86)/atmel/atmel toolchain/avr8 gcc/native/3.4.1056/avr8-gnu-toolchain/bin/../lib/gcc/avr/4.8.1/avr5\libgcc.a(_divmodhi4.o)
 .text.libgcc.fmul
                0x00000000        0x0 c:/program files (x86)/atmel/atmel toolchain/avr8 gcc/native/3.4.1056/avr8-gnu-toolchain/bin/../lib/gcc/avr/4.8.1/avr5\libgcc.a(_divmodhi4.o)
 .text.libgcc.fixed
                0x00000000        0x0 c:/program files (x86)/atmel/atmel toolchain/avr8 gcc/native/3.4.1056/avr8-gnu-toolchain/bin/../lib/gcc/avr/4.8.1/avr5\libgcc.a(_divmodhi4.o)
 .text          0x00000000        0x0 c:/program files (x86)/atmel/atmel toolchain/avr8 gcc/native/3.4.1056/avr8-gnu-toolchain/bin/../lib/gcc/avr/4.8.1/avr5\libgcc.a(_exit.o)
 .bss           0x00000000        0x0 c:/program files (x86)/atmel/atmel toolchain/avr8 gcc/native/3.4.1056/avr8-gnu-toolchain/bin/../lib/gcc/avr/4.8.1/avr5\libgcc.a(_exit.o)
 .text.libgcc.mul
                0x00000000        0x0 c:/program files (x86)/atmel/atmel toolchain/avr8 gcc/native/3.4.1056/avr8-gnu-toolchain/bin/../lib/gcc/avr/4.8.1/avr5\libgcc.a(_exit.o)
 .text.libgcc.div
                0x00000000        0x0 c:/program files (x86)/atmel/atmel toolchain/avr8 gcc/native/3.4.1056/avr8-gnu-toolchain/bin/../lib/gcc/avr/4.8.1/avr5\libgcc.a(_exit.o)
 .text.libgcc   0x00000000        0x0 c:/program files (x86)/atmel/atmel toolchain/avr8 gcc/native/3.4.1056/avr8-gnu-toolchain/bin/../lib/gcc/avr/4.8.1/avr5\libgcc.a(_exit.o)
 .text.libgcc.prologue
                0x00000000        0x0 c:/program files (x86)/atmel/atmel toolchain/avr8 gcc/native/3.4.1056/avr8-gnu-toolchain/bin/../lib/gcc/avr/4.8.1/avr5\libgcc.a(_exit.o)
 .text.libgcc.builtins
                0x00000000        0x0 c:/program files (x86)/atmel/atmel toolchain/avr8 gcc/native/3.4.1056/avr8-gnu-toolchain/bin/../lib/gcc/avr/4.8.1/avr5\libgcc.a(_exit.o)
 .text.libgcc.fmul
                0x00000000        0x0 c:/program files (x86)/atmel/atmel toolchain/avr8 gcc/native/3.4.1056/avr8-gnu-toolchain/bin/../lib/gcc/avr/4.8.1/avr5\libgcc.a(_exit.o)
 .text.libgcc.fixed
                0x00000000        0x0 c:/program files (x86)/atmel/atmel toolchain/avr8 gcc/native/3.4.1056/avr8-gnu-toolchain/bin/../lib/gcc/avr/4.8.1/avr5\libgcc.a(_exit.o)
 .text          0x00000000        0x0 c:/program files (x86)/atmel/atmel toolchain/avr8 gcc/native/3.4.1056/avr8-gnu-toolchain/bin/../lib/gcc/avr/4.8.1/avr5\libgcc.a(_copy_data.o)
 .bss           0x00000000        0x0 c:/program files (x86)/atmel/atmel toolchain/avr8 gcc/native/3.4.1056/avr8-gnu-toolchain/bin/../lib/gcc/avr/4.8.1/avr5\libgcc.a(_copy_data.o)
 .text.libgcc.mul
                0x00000000        0x0 c:/program files (x86)/atmel/atmel toolchain/avr8 gcc/native/3.4.1056/avr8-gnu-toolchain/bin/../lib/gcc/avr/4.8.1/avr5\libgcc.a(_copy_data.o)
 .text.libgcc.div
                0x00000000        0x0 c:/program files (x86)/atmel/atmel toolchain/avr8 gcc/native/3.4.1056/avr8-gnu-toolchain/bin/../lib/gcc/avr/4.8.1/avr5\libgcc.a(_copy_data.o)
 .text.libgcc   0x00000000        0x0 c:/program files (x86)/atmel/atmel toolchain/avr8 gcc/native/3.4.1056/avr8-gnu-toolchain/bin/../lib/gcc/avr/4.8.1/avr5\libgcc.a(_copy_data.o)
 .text.libgcc.prologue
                0x00000000        0x0 c:/program files (x86)/atmel/atmel toolchain/avr8 gcc/native/3.4.1056/avr8-gnu-toolchain/bin/../lib/gcc/avr/4.8.1/avr5\libgcc.a(_copy_data.o)
 .text.libgcc.builtins
                0x00000000        0x0 c:/program files (x86)/atmel/atmel toolchain/avr8 gcc/native/3.4.1056/avr8-gnu-toolchain/bin/../lib/gcc/avr/4.8.1/avr5\libgcc.a(_copy_data.o)
 .text.libgcc.fmul
                0x00000000        0x0 c:/program files (x86)/atmel/atmel toolchain/avr8 gcc/native/3.4.1056/avr8-gnu-toolchain/bin/../lib/gcc/avr/4.8.1/avr5\libgcc.a(_copy_data.o)
 .text.libgcc.fixed
                0x00000000        0x0 c:/program files (x86)/atmel/atmel toolchain/avr8 gcc/native/3.4.1056/avr8-gnu-toolchain/bin/../lib/gcc/avr/4.8.1/avr5\libgcc.a(_copy_data.o)
 .text          0x00000000        0x0 c:/program files (x86)/atmel/atmel toolchain/avr8 gcc/native/3.4.1056/avr8-gnu-toolchain/bin/../lib/gcc/avr/4.8.1/avr5\libgcc.a(_clear_bss.o)
 .bss           0x00000000        0x0 c:/program files (x86)/atmel/atmel toolchain/avr8 gcc/native/3.4.1056/avr8-gnu-toolchain/bin/../lib/gcc/avr/4.8.1/avr5\libgcc.a(_clear_bss.o)
 .text.libgcc.mul
                0x00000000        0x0 c:/program files (x86)/atmel/atmel toolchain/avr8 gcc/native/3.4.1056/avr8-gnu-toolchain/bin/../lib/gcc/avr/4.8.1/avr5\libgcc.a(_clear_bss.o)
 .text.libgcc.div
                0x00000000        0x0 c:/program files (x86)/atmel/atmel toolchain/avr8 gcc/native/3.4.1056/avr8-gnu-toolchain/bin/../lib/gcc/avr/4.8.1/avr5\libgcc.a(_clear_bss.o)
 .text.libgcc   0x00000000        0x0 c:/program files (x86)/atmel/atmel toolchain/avr8 gcc/native/3.4.1056/avr8-gnu-toolchain/bin/../lib/gcc/avr/4.8.1/avr5\libgcc.a(_clear_bss.o)
 .text.libgcc.prologue
                0x00000000        0x0 c:/program files (x86)/atmel/atmel toolchain/avr8 gcc/native/3.4.1056/avr8-gnu-toolchain/bin/../lib/gcc/avr/4.8.1/avr5\libgcc.a(_clear_bss.o)
 .text.libgcc.builtins
                0x00000000        0x0 c:/program files (x86)/atmel/atmel toolchain/avr8 gcc/native/3.4.1056/avr8-gnu-toolchain/bin/../lib/gcc/avr/4.8.1/avr5\libgcc.a(_clear_bss.o)
 .text.libgcc.fmul
                0x00000000        0x0 c:/program files (x86)/atmel/atmel toolchain/avr8 gcc/native/3.4.1056/avr8-gnu-toolchain/bin/../lib/gcc/avr/4.8.1/avr5\libgcc.a(_clear_bss.o)
 .text.libgcc.fixed
                0x00000000        0x0 c:/program files (x86)/atmel/atmel toolchain/avr8 gcc/native/3.4.1056/avr8-gnu-toolchain/bin/../lib/gcc/avr/4.8.1/avr5\libgcc.a(_clear_bss.o)
 .text          0x00000000        0x0 c:/program files (x86)/atmel/atmel toolchain/avr8 gcc/native/3.4.1056/avr8-gnu-toolchain/bin/../lib/gcc/avr/4.8.1/avr5\libgcc.a(_udivmodhi4.o)
 .bss           0x00000000        0x0 c:/program files (x86)/atmel/atmel toolchain/avr8 gcc/native/3.4.1056/avr8-gnu-toolchain/bin/../lib/gcc/avr/4.8.1/avr5\libgcc.a(_udivmodhi4.o)
 .text.libgcc.mul
                0x00000000        0x0 c:/program files (x86)/atmel/atmel toolchain/avr8 gcc/native/3.4.1056/avr8-gnu-toolchain/bin/../lib/gcc/avr/4.8.1/avr5\libgcc.a(_udivmodhi4.o)
 .text.libgcc   0x00000000        0x0 c:/program files (x86)/atmel/atmel toolchain/avr8 gcc/native/3.4.1056/avr8-gnu-toolchain/bin/../lib/gcc/avr/4.8.1/avr5\libgcc.a(_udivmodhi4.o)
 .text.libgcc.prologue
                0x00000000        0x0 c:/program files (x86)/atmel/atmel toolchain/avr8 gcc/native/3.4.1056/avr8-gnu-toolchain/bin/../lib/gcc/avr/4.8.1/avr5\libgcc.a(_udivmodhi4.o)
 .text.libgcc.builtins
                0x00000000        0x0 c:/program files (x86)/atmel/atmel toolchain/avr8 gcc/native/3.4.1056/avr8-gnu-toolchain/bin/../lib/gcc/avr/4.8.1/avr5\libgcc.a(_udivmodhi4.o)
 .text.libgcc.fmul
                0x00000000        0x0 c:/program files (x86)/atmel/atmel toolchain/avr8 gcc/native/3.4.1056/avr8-gnu-toolchain/bin/../lib/gcc/avr/4.8.1/avr5\libgcc.a(_udivmodhi4.o)
 .text.libgcc.fixed
                0x00000000        0x0 c:/program files (x86)/atmel/atmel toolchain/avr8 gcc/native/3.4.1056/avr8-gnu-toolchain/bin/../lib/gcc/avr/4.8.1/avr5\libgcc.a(_udivmodhi4.o)

Memory Configuration

Name             Origin             Length             Attributes
text             0x00000000         0x00020000         xr
data             0x00800060         0x0000ffa0         rw !x
eeprom           0x00810000         0x00010000         rw !x
fuse             0x00820000         0x00000400         rw !x
lock             0x00830000         0x00000400         rw !x
signature        0x00840000         0x00000400         rw !x
user_signatures  0x00850000         0x00000400         rw !x
*default*        0x00000000         0xffffffff

Linker script and memory map

Address of section .data set to 0x800100
LOAD c:/program files (x86)/atmel/atmel toolchain/avr8 gcc/native/3.4.1056/avr8-gnu-toolchain/bin/../lib/gcc/avr/4.8.1/../../../../avr/lib/avr5/crtm328p.o
LOAD Encoder/encoder.o
LOAD Fonts/terminal16x16.o
LOAD Fonts/terminal5x12.o
LOAD Fonts/terminal8x8b.o
LOAD menu.o
LOAD menudef.o
LOAD SPI/SPI.o
LOAD Main.o
LOAD ST7565/ST7565.o
START GROUP
LOAD c:/program files (x86)/atmel/atmel toolchain/avr8 gcc/native/3.4.1056/avr8-gnu-toolchain/bin/../lib/gcc/avr/4.8.1/../../../../avr/lib/avr5\libm.a
END GROUP
START GROUP
LOAD c:/program files (x86)/atmel/atmel toolchain/avr8 gcc/native/3.4.1056/avr8-gnu-toolchain/bin/../lib/gcc/avr/4.8.1/avr5\libgcc.a
LOAD c:/program files (x86)/atmel/atmel toolchain/avr8 gcc/native/3.4.1056/avr8-gnu-toolchain/bin/../lib/gcc/avr/4.8.1/../../../../avr/lib/avr5\libm.a
LOAD c:/program files (x86)/atmel/atmel toolchain/avr8 gcc/native/3.4.1056/avr8-gnu-toolchain/bin/../lib/gcc/avr/4.8.1/../../../../avr/lib/avr5\libc.a
END GROUP

.hash
 *(.hash)

.dynsym
 *(.dynsym)

.dynstr
 *(.dynstr)

.gnu.version
 *(.gnu.version)

.gnu.version_d
 *(.gnu.version_d)

.gnu.version_r
 *(.gnu.version_r)

.rel.init
 *(.rel.init)

.rela.init
 *(.rela.init)

.rel.text
 *(.rel.text)
 *(.rel.text.*)
 *(.rel.gnu.linkonce.t*)

.rela.text
 *(.rela.text)
 *(.rela.text.*)
 *(.rela.gnu.linkonce.t*)

.rel.fini
 *(.rel.fini)

.rela.fini
 *(.rela.fini)

.rel.rodata
 *(.rel.rodata)
 *(.rel.rodata.*)
 *(.rel.gnu.linkonce.r*)

.rela.rodata
 *(.rela.rodata)
 *(.rela.rodata.*)
 *(.rela.gnu.linkonce.r*)

.rel.data
 *(.rel.data)
 *(.rel.data.*)
 *(.rel.gnu.linkonce.d*)

.rela.data
 *(.rela.data)
 *(.rela.data.*)
 *(.rela.gnu.linkonce.d*)

.rel.ctors
 *(.rel.ctors)

.rela.ctors
 *(.rela.ctors)

.rel.dtors
 *(.rel.dtors)

.rela.dtors
 *(.rela.dtors)

.rel.got
 *(.rel.got)

.rela.got
 *(.rela.got)

.rel.bss
 *(.rel.bss)

.rela.bss
 *(.rela.bss)

.rel.plt
 *(.rel.plt)

.rela.plt
 *(.rela.plt)

.text           0x00000000      0xe2e
 *(.vectors)
 .vectors       0x00000000       0x68 c:/program files (x86)/atmel/atmel toolchain/avr8 gcc/native/3.4.1056/avr8-gnu-toolchain/bin/../lib/gcc/avr/4.8.1/../../../../avr/lib/avr5/crtm328p.o
                0x00000000                __vector_default
                0x00000000                __vectors
 *(.vectors)
 *(.progmem.gcc*)
                0x00000068                . = ALIGN (0x2)
                0x00000068                __trampolines_start = .
 *(.trampolines)
 .trampolines   0x00000068        0x0 linker stubs
 *(.trampolines*)
                0x00000068                __trampolines_end = .
 *(.progmem*)
 .progmem.data.system8_array
                0x00000068       0xc2 Fonts/terminal8x8b.o
                0x00000068                system8_array
 .progmem.data.image_data_system8_0x7e
                0x0000012a        0x7 Fonts/terminal8x8b.o
 .progmem.data.image_data_system8_0x7d
                0x00000131        0x7 Fonts/terminal8x8b.o
 .progmem.data.image_data_system8_0x7c
                0x00000138        0x7 Fonts/terminal8x8b.o
 .progmem.data.image_data_system8_0x7b
                0x0000013f        0x7 Fonts/terminal8x8b.o
 .progmem.data.image_data_system8_0x7a
                0x00000146        0x7 Fonts/terminal8x8b.o
 .progmem.data.image_data_system8_0x79
                0x0000014d        0x7 Fonts/terminal8x8b.o
 .progmem.data.image_data_system8_0x78
                0x00000154        0x7 Fonts/terminal8x8b.o
 .progmem.data.image_data_system8_0x77
                0x0000015b        0x7 Fonts/terminal8x8b.o
 .progmem.data.image_data_system8_0x76
                0x00000162        0x7 Fonts/terminal8x8b.o
 .progmem.data.image_data_system8_0x75
                0x00000169        0x7 Fonts/terminal8x8b.o
 .progmem.data.image_data_system8_0x74
                0x00000170        0x7 Fonts/terminal8x8b.o
 .progmem.data.image_data_system8_0x73
                0x00000177        0x7 Fonts/terminal8x8b.o
 .progmem.data.image_data_system8_0x72
                0x0000017e        0x7 Fonts/terminal8x8b.o
 .progmem.data.image_data_system8_0x71
                0x00000185        0x7 Fonts/terminal8x8b.o
 .progmem.data.image_data_system8_0x70
                0x0000018c        0x7 Fonts/terminal8x8b.o
 .progmem.data.image_data_system8_0x6f
                0x00000193        0x7 Fonts/terminal8x8b.o
 .progmem.data.image_data_system8_0x6e
                0x0000019a        0x7 Fonts/terminal8x8b.o
 .progmem.data.image_data_system8_0x6d
                0x000001a1        0x7 Fonts/terminal8x8b.o
 .progmem.data.image_data_system8_0x6c
                0x000001a8        0x7 Fonts/terminal8x8b.o
 .progmem.data.image_data_system8_0x6b
                0x000001af        0x7 Fonts/terminal8x8b.o
 .progmem.data.image_data_system8_0x6a
                0x000001b6        0x7 Fonts/terminal8x8b.o
 .progmem.data.image_data_system8_0x69
                0x000001bd        0x7 Fonts/terminal8x8b.o
 .progmem.data.image_data_system8_0x68
                0x000001c4        0x7 Fonts/terminal8x8b.o
 .progmem.data.image_data_system8_0x67
                0x000001cb        0x7 Fonts/terminal8x8b.o
 .progmem.data.image_data_system8_0x66
                0x000001d2        0x7 Fonts/terminal8x8b.o
 .progmem.data.image_data_system8_0x65
                0x000001d9        0x7 Fonts/terminal8x8b.o
 .progmem.data.image_data_system8_0x64
                0x000001e0        0x7 Fonts/terminal8x8b.o
 .progmem.data.image_data_system8_0x63
                0x000001e7        0x7 Fonts/terminal8x8b.o
 .progmem.data.image_data_system8_0x62
                0x000001ee        0x7 Fonts/terminal8x8b.o
 .progmem.data.image_data_system8_0x61
                0x000001f5        0x7 Fonts/terminal8x8b.o
 .progmem.data.image_data_system8_0x60
                0x000001fc        0x7 Fonts/terminal8x8b.o
 .progmem.data.image_data_system8_0x5f
                0x00000203        0x7 Fonts/terminal8x8b.o
 .progmem.data.image_data_system8_0x5e
                0x0000020a        0x7 Fonts/terminal8x8b.o
 .progmem.data.image_data_system8_0x5d
                0x00000211        0x7 Fonts/terminal8x8b.o
 .progmem.data.image_data_system8_0x5c
                0x00000218        0x7 Fonts/terminal8x8b.o
 .progmem.data.image_data_system8_0x5b
                0x0000021f        0x7 Fonts/terminal8x8b.o
 .progmem.data.image_data_system8_0x5a
                0x00000226        0x7 Fonts/terminal8x8b.o
 .progmem.data.image_data_system8_0x59
                0x0000022d        0x7 Fonts/terminal8x8b.o
 .progmem.data.image_data_system8_0x58
                0x00000234        0x7 Fonts/terminal8x8b.o
 .progmem.data.image_data_system8_0x57
                0x0000023b        0x7 Fonts/terminal8x8b.o
 .progmem.data.image_data_system8_0x56
                0x00000242        0x7 Fonts/terminal8x8b.o
 .progmem.data.image_data_system8_0x55
                0x00000249        0x7 Fonts/terminal8x8b.o
 .progmem.data.image_data_system8_0x54
                0x00000250        0x7 Fonts/terminal8x8b.o
 .progmem.data.image_data_system8_0x53
                0x00000257        0x7 Fonts/terminal8x8b.o
 .progmem.data.image_data_system8_0x52
                0x0000025e        0x7 Fonts/terminal8x8b.o
 .progmem.data.image_data_system8_0x51
                0x00000265        0x7 Fonts/terminal8x8b.o
 .progmem.data.image_data_system8_0x50
                0x0000026c        0x7 Fonts/terminal8x8b.o
 .progmem.data.image_data_system8_0x4f
                0x00000273        0x7 Fonts/terminal8x8b.o
 .progmem.data.image_data_system8_0x4e
                0x0000027a        0x7 Fonts/terminal8x8b.o
 .progmem.data.image_data_system8_0x4d
                0x00000281        0x7 Fonts/terminal8x8b.o
 .progmem.data.image_data_system8_0x4c
                0x00000288        0x7 Fonts/terminal8x8b.o
 .progmem.data.image_data_system8_0x4b
                0x0000028f        0x7 Fonts/terminal8x8b.o
 .progmem.data.image_data_system8_0x4a
                0x00000296        0x7 Fonts/terminal8x8b.o
 .progmem.data.image_data_system8_0x49
                0x0000029d        0x7 Fonts/terminal8x8b.o
 .progmem.data.image_data_system8_0x48
                0x000002a4        0x7 Fonts/terminal8x8b.o
 .progmem.data.image_data_system8_0x47
                0x000002ab        0x7 Fonts/terminal8x8b.o
 .progmem.data.image_data_system8_0x46
                0x000002b2        0x7 Fonts/terminal8x8b.o
 .progmem.data.image_data_system8_0x45
                0x000002b9        0x7 Fonts/terminal8x8b.o
 .progmem.data.image_data_system8_0x44
                0x000002c0        0x7 Fonts/terminal8x8b.o
 .progmem.data.image_data_system8_0x43
                0x000002c7        0x7 Fonts/terminal8x8b.o
 .progmem.data.image_data_system8_0x42
                0x000002ce        0x7 Fonts/terminal8x8b.o
 .progmem.data.image_data_system8_0x41
                0x000002d5        0x7 Fonts/terminal8x8b.o
 .progmem.data.image_data_system8_0x40
                0x000002dc        0x7 Fonts/terminal8x8b.o
 .progmem.data.image_data_system8_0x3f
                0x000002e3        0x7 Fonts/terminal8x8b.o
 .progmem.data.image_data_system8_0x3e
                0x000002ea        0x7 Fonts/terminal8x8b.o
 .progmem.data.image_data_system8_0x3d
                0x000002f1        0x7 Fonts/terminal8x8b.o
 .progmem.data.image_data_system8_0x3c
                0x000002f8        0x7 Fonts/terminal8x8b.o
 .progmem.data.image_data_system8_0x3b
                0x000002ff        0x7 Fonts/terminal8x8b.o
 .progmem.data.image_data_system8_0x3a
                0x00000306        0x7 Fonts/terminal8x8b.o
 .progmem.data.image_data_system8_0x39
                0x0000030d        0x7 Fonts/terminal8x8b.o
 .progmem.data.image_data_system8_0x38
                0x00000314        0x7 Fonts/terminal8x8b.o
 .progmem.data.image_data_system8_0x37
                0x0000031b        0x7 Fonts/terminal8x8b.o
 .progmem.data.image_data_system8_0x36
                0x00000322        0x7 Fonts/terminal8x8b.o
 .progmem.data.image_data_system8_0x35
                0x00000329        0x7 Fonts/terminal8x8b.o
 .progmem.data.image_data_system8_0x34
                0x00000330        0x7 Fonts/terminal8x8b.o
 .progmem.data.image_data_system8_0x33
                0x00000337        0x7 Fonts/terminal8x8b.o
 .progmem.data.image_data_system8_0x32
                0x0000033e        0x7 Fonts/terminal8x8b.o
 .progmem.data.image_data_system8_0x31
                0x00000345        0x7 Fonts/terminal8x8b.o
 .progmem.data.image_data_system8_0x30
                0x0000034c        0x7 Fonts/terminal8x8b.o
 .progmem.data.image_data_system8_0x2f
                0x00000353        0x7 Fonts/terminal8x8b.o
 .progmem.data.image_data_system8_0x2e
                0x0000035a        0x7 Fonts/terminal8x8b.o
 .progmem.data.image_data_system8_0x2d
                0x00000361        0x7 Fonts/terminal8x8b.o
 .progmem.data.image_data_system8_0x2c
                0x00000368        0x7 Fonts/terminal8x8b.o
 .progmem.data.image_data_system8_0x2b
                0x0000036f        0x7 Fonts/terminal8x8b.o
 .progmem.data.image_data_system8_0x2a
                0x00000376        0x7 Fonts/terminal8x8b.o
 .progmem.data.image_data_system8_0x29
                0x0000037d        0x7 Fonts/terminal8x8b.o
 .progmem.data.image_data_system8_0x28
                0x00000384        0x7 Fonts/terminal8x8b.o
 .progmem.data.image_data_system8_0x27
                0x0000038b        0x7 Fonts/terminal8x8b.o
 .progmem.data.image_data_system8_0x26
                0x00000392        0x7 Fonts/terminal8x8b.o
 .progmem.data.image_data_system8_0x25
                0x00000399        0x7 Fonts/terminal8x8b.o
 .progmem.data.image_data_system8_0x24
                0x000003a0        0x7 Fonts/terminal8x8b.o
 .progmem.data.image_data_system8_0x23
                0x000003a7        0x7 Fonts/terminal8x8b.o
 .progmem.data.image_data_system8_0x22
                0x000003ae        0x7 Fonts/terminal8x8b.o
 .progmem.data.image_data_system8_0x21
                0x000003b5        0x7 Fonts/terminal8x8b.o
 .progmem.data.image_data_system8_0x20
                0x000003bc        0x7 Fonts/terminal8x8b.o
 .progmem.data.__c.1826
                0x000003c3        0x4 menu.o
 .progmem.data.__c.1863
                0x000003c7        0xc menudef.o
 .progmem.data.__c.1859
                0x000003d3        0xc menudef.o
 .progmem.data.__c.1855
                0x000003df        0xc menudef.o
 .progmem.data.__c.1851
                0x000003eb        0xc menudef.o
 .progmem.data.__c.1847
                0x000003f7        0x8 menudef.o
 .progmem.data.__c.1843
                0x000003ff        0x8 menudef.o
 .progmem.data.__c.1839
                0x00000407        0x8 menudef.o
 .progmem.data.__compound_literal.11
                0x0000040f        0x6 menudef.o
 .progmem.data.menu1
                0x00000415        0xa menudef.o
                0x00000415                menu1
 .progmem.data.__compound_literal.10
                0x0000041f        0x6 menudef.o
 .progmem.data.menu2
                0x00000425        0xa menudef.o
                0x00000425                menu2
 .progmem.data.__compound_literal.9
                0x0000042f        0x6 menudef.o
 .progmem.data.menu3
                0x00000435        0xa menudef.o
                0x00000435                menu3
 .progmem.data.__compound_literal.8
                0x0000043f        0x6 menudef.o
 .progmem.data.menu4
                0x00000445        0xa menudef.o
                0x00000445                menu4
 .progmem.data.__compound_literal.7
                0x0000044f        0x6 menudef.o
 .progmem.data.__compound_literal.6
                0x00000455        0xb menudef.o
 .progmem.data.menuA2
                0x00000460        0xa menudef.o
                0x00000460                menuA2
 .progmem.data.__compound_literal.5
                0x0000046a        0xb menudef.o
 .progmem.data.menuA3
                0x00000475        0xa menudef.o
                0x00000475                menuA3
 .progmem.data.__compound_literal.4
                0x0000047f        0xb menudef.o
 .progmem.data.menuA4
                0x0000048a        0xa menudef.o
                0x0000048a                menuA4
 .progmem.data.__compound_literal.3
                0x00000494        0xd menudef.o
 .progmem.data.__compound_literal.2
                0x000004a1        0xb menudef.o
 .progmem.data.menuB2
                0x000004ac        0xa menudef.o
                0x000004ac                menuB2
 .progmem.data.__compound_literal.1
                0x000004b6        0xb menudef.o
 .progmem.data.menuB3
                0x000004c1        0xa menudef.o
                0x000004c1                menuB3
 .progmem.data.__compound_literal.0
                0x000004cb        0xd menudef.o
 .progmem.data.menuB1
                0x000004d8        0xa menudef.o
                0x000004d8                menuB1
 .progmem.data.menuA1
                0x000004e2        0xa menudef.o
                0x000004e2                menuA1
 .progmem.data.menu
                0x000004ec        0xa menudef.o
                0x000004ec                menu
                0x000004f6                . = ALIGN (0x2)
 *(.jumptables)
 *(.jumptables*)
 *(.lowtext)
 *(.lowtext*)
                0x000004f6                __ctors_start = .
 *(.ctors)
                0x000004f6                __ctors_end = .
                0x000004f6                __dtors_start = .
 *(.dtors)
                0x000004f6                __dtors_end = .
 SORT(*)(.ctors)
 SORT(*)(.dtors)
 *(.init0)
 .init0         0x000004f6        0x0 c:/program files (x86)/atmel/atmel toolchain/avr8 gcc/native/3.4.1056/avr8-gnu-toolchain/bin/../lib/gcc/avr/4.8.1/../../../../avr/lib/avr5/crtm328p.o
                0x000004f6                __init
 *(.init0)
 *(.init1)
 *(.init1)
 *(.init2)
 .init2         0x000004f6        0xc c:/program files (x86)/atmel/atmel toolchain/avr8 gcc/native/3.4.1056/avr8-gnu-toolchain/bin/../lib/gcc/avr/4.8.1/../../../../avr/lib/avr5/crtm328p.o
 *(.init2)
 *(.init3)
 *(.init3)
 *(.init4)
 .init4         0x00000502       0x16 c:/program files (x86)/atmel/atmel toolchain/avr8 gcc/native/3.4.1056/avr8-gnu-toolchain/bin/../lib/gcc/avr/4.8.1/avr5\libgcc.a(_copy_data.o)
                0x00000502                __do_copy_data
 .init4         0x00000518       0x10 c:/program files (x86)/atmel/atmel toolchain/avr8 gcc/native/3.4.1056/avr8-gnu-toolchain/bin/../lib/gcc/avr/4.8.1/avr5\libgcc.a(_clear_bss.o)
                0x00000518                __do_clear_bss
 *(.init4)
 *(.init5)
 *(.init5)
 *(.init6)
 *(.init6)
 *(.init7)
 *(.init7)
 *(.init8)
 *(.init8)
 *(.init9)
 .init9         0x00000528        0x8 c:/program files (x86)/atmel/atmel toolchain/avr8 gcc/native/3.4.1056/avr8-gnu-toolchain/bin/../lib/gcc/avr/4.8.1/../../../../avr/lib/avr5/crtm328p.o
 *(.init9)
 *(.text)
 .text          0x00000530        0x4 c:/program files (x86)/atmel/atmel toolchain/avr8 gcc/native/3.4.1056/avr8-gnu-toolchain/bin/../lib/gcc/avr/4.8.1/../../../../avr/lib/avr5/crtm328p.o
                0x00000530                __vector_22
                0x00000530                __vector_1
                0x00000530                __vector_24
                0x00000530                __vector_12
                0x00000530                __bad_interrupt
                0x00000530                __vector_6
                0x00000530                __vector_3
                0x00000530                __vector_23
                0x00000530                __vector_25
                0x00000530                __vector_11
                0x00000530                __vector_13
                0x00000530                __vector_17
                0x00000530                __vector_19
                0x00000530                __vector_7
                0x00000530                __vector_5
                0x00000530                __vector_4
                0x00000530                __vector_9
                0x00000530                __vector_2
                0x00000530                __vector_21
                0x00000530                __vector_15
                0x00000530                __vector_8
                0x00000530                __vector_14
                0x00000530                __vector_10
                0x00000530                __vector_18
                0x00000530                __vector_20
                0x00000534                . = ALIGN (0x2)
 *(.text.*)
 .text.ReadEncoder
                0x00000534       0xb8 Encoder/encoder.o
 .text.__vector_16
                0x000005ec       0x48 Encoder/encoder.o
                0x000005ec                __vector_16
 .text.GetEncButton
                0x00000634        0xe Encoder/encoder.o
                0x00000634                GetEncButton
 .text.Read4StepEncoder
                0x00000642       0x16 Encoder/encoder.o
                0x00000642                Read4StepEncoder
 .text.EncoderInit
                0x00000658        0x8 Encoder/encoder.o
                0x00000658                EncoderInit
 .text.Menu_GetMenuItemsNo
                0x00000660       0x1e menu.o
                0x00000660                Menu_GetMenuItemsNo
 .text.Menu_GetMenuItem
                0x0000067e       0x20 menu.o
                0x0000067e                Menu_GetMenuItem
 .text.Menu_GetMenuRows
                0x0000069e       0x1a menu.o
                0x0000069e                Menu_GetMenuRows
 .text.Menu_Show
                0x000006b8      0x116 menu.o
                0x000006b8                Menu_Show
 .text.Menu_SelectNext
                0x000007ce       0x72 menu.o
                0x000007ce                Menu_SelectNext
 .text.Menu_SelectPrev
                0x00000840       0x58 menu.o
                0x00000840                Menu_SelectPrev
 .text.Menu_Back
                0x00000898       0x20 menu.o
                0x00000898                Menu_Back
 .text.Menu_Click
                0x000008b8       0x40 menu.o
                0x000008b8                Menu_Click
 .text.menufunc1
                0x000008f8       0x3e menudef.o
                0x000008f8                menufunc1
 .text.menufunc2
                0x00000936       0x3e menudef.o
                0x00000936                menufunc2
 .text.menufunc3
                0x00000974       0x3e menudef.o
                0x00000974                menufunc3
 .text.menufunc4
                0x000009b2       0x3e menudef.o
                0x000009b2                menufunc4
 .text.menufunc5
                0x000009f0       0x3e menudef.o
                0x000009f0                menufunc5
 .text.menufunc6
                0x00000a2e       0x3e menudef.o
                0x00000a2e                menufunc6
 .text.menufunc7
                0x00000a6c       0x3e menudef.o
                0x00000a6c                menufunc7
 .text.SPI_init
                0x00000aaa        0xa SPI/SPI.o
                0x00000aaa                SPI_init
 .text.SPI_RW_Byte
                0x00000ab4        0xc SPI/SPI.o
                0x00000ab4                SPI_RW_Byte
 .text.LCD_Init
                0x00000ac0        0xe Main.o
                0x00000ac0                LCD_Init
 .text.startup.main
                0x00000ace       0x46 Main.o
                0x00000ace                main
 .text.st7565r_wr_cmd
                0x00000b14        0xc ST7565/ST7565.o
 .text.st7565r_reset
                0x00000b20       0x16 ST7565/ST7565.o
                0x00000b20                st7565r_reset
 .text.st7565r_wr_data
                0x00000b36        0xe ST7565/ST7565.o
                0x00000b36                st7565r_wr_data
 .text.st7565r_set_contrast
                0x00000b44       0x20 ST7565/ST7565.o
                0x00000b44                st7565r_set_contrast
 .text.st7565r_init
                0x00000b64       0x46 ST7565/ST7565.o
                0x00000b64                st7565r_init
 .text.st7565r_CpyDirtyPages
                0x00000baa       0x78 ST7565/ST7565.o
                0x00000baa                st7565r_CpyDirtyPages
 .text.st7565r_Clear
                0x00000c22       0x2e ST7565/ST7565.o
                0x00000c22                st7565r_Clear
 .text.st7565r_SetText
                0x00000c50      0x18a ST7565/ST7565.o
                0x00000c50                st7565r_SetText
 .text.libgcc.div
                0x00000dda       0x28 c:/program files (x86)/atmel/atmel toolchain/avr8 gcc/native/3.4.1056/avr8-gnu-toolchain/bin/../lib/gcc/avr/4.8.1/avr5\libgcc.a(_divmodhi4.o)
                0x00000dda                _div
                0x00000dda                __divmodhi4
 .text.libgcc.div
                0x00000e02       0x28 c:/program files (x86)/atmel/atmel toolchain/avr8 gcc/native/3.4.1056/avr8-gnu-toolchain/bin/../lib/gcc/avr/4.8.1/avr5\libgcc.a(_udivmodhi4.o)
                0x00000e02                __udivmodhi4
                0x00000e2a                . = ALIGN (0x2)
 *(.fini9)
 .fini9         0x00000e2a        0x0 c:/program files (x86)/atmel/atmel toolchain/avr8 gcc/native/3.4.1056/avr8-gnu-toolchain/bin/../lib/gcc/avr/4.8.1/avr5\libgcc.a(_exit.o)
                0x00000e2a                _exit
                0x00000e2a                exit
 *(.fini9)
 *(.fini8)
 *(.fini8)
 *(.fini7)
 *(.fini7)
 *(.fini6)
 *(.fini6)
 *(.fini5)
 *(.fini5)
 *(.fini4)
 *(.fini4)
 *(.fini3)
 *(.fini3)
 *(.fini2)
 *(.fini2)
 *(.fini1)
 *(.fini1)
 *(.fini0)
 .fini0         0x00000e2a        0x4 c:/program files (x86)/atmel/atmel toolchain/avr8 gcc/native/3.4.1056/avr8-gnu-toolchain/bin/../lib/gcc/avr/4.8.1/avr5\libgcc.a(_exit.o)
 *(.fini0)
                0x00000e2e                _etext = .

.data           0x00800100        0x4 load address 0x00000e2e
                0x00800100                PROVIDE (__data_start, .)
 *(.data)
 .data          0x00800100        0x0 c:/program files (x86)/atmel/atmel toolchain/avr8 gcc/native/3.4.1056/avr8-gnu-toolchain/bin/../lib/gcc/avr/4.8.1/../../../../avr/lib/avr5/crtm328p.o
 .data          0x00800100        0x0 Encoder/encoder.o
 .data          0x00800100        0x0 Fonts/terminal16x16.o
 .data          0x00800100        0x0 Fonts/terminal5x12.o
 .data          0x00800100        0x0 Fonts/terminal8x8b.o
 .data          0x00800100        0x0 menu.o
 .data          0x00800100        0x0 menudef.o
 .data          0x00800100        0x0 SPI/SPI.o
 .data          0x00800100        0x0 Main.o
 .data          0x00800100        0x0 ST7565/ST7565.o
 .data          0x00800100        0x0 c:/program files (x86)/atmel/atmel toolchain/avr8 gcc/native/3.4.1056/avr8-gnu-toolchain/bin/../lib/gcc/avr/4.8.1/avr5\libgcc.a(_divmodhi4.o)
 .data          0x00800100        0x0 c:/program files (x86)/atmel/atmel toolchain/avr8 gcc/native/3.4.1056/avr8-gnu-toolchain/bin/../lib/gcc/avr/4.8.1/avr5\libgcc.a(_exit.o)
 .data          0x00800100        0x0 c:/program files (x86)/atmel/atmel toolchain/avr8 gcc/native/3.4.1056/avr8-gnu-toolchain/bin/../lib/gcc/avr/4.8.1/avr5\libgcc.a(_copy_data.o)
 .data          0x00800100        0x0 c:/program files (x86)/atmel/atmel toolchain/avr8 gcc/native/3.4.1056/avr8-gnu-toolchain/bin/../lib/gcc/avr/4.8.1/avr5\libgcc.a(_clear_bss.o)
 .data          0x00800100        0x0 c:/program files (x86)/atmel/atmel toolchain/avr8 gcc/native/3.4.1056/avr8-gnu-toolchain/bin/../lib/gcc/avr/4.8.1/avr5\libgcc.a(_udivmodhi4.o)
 *(.data*)
 .data.currMenuPtr
                0x00800100        0x2 menu.o
 .data.Menu_font
                0x00800102        0x2 menudef.o
                0x00800102                Menu_font
 *(.rodata)
 *(.rodata*)
 *(.gnu.linkonce.d*)
                0x00800104                . = ALIGN (0x2)
                0x00800104                _edata = .
                0x00800104                PROVIDE (__data_end, .)

.bss            0x00800104      0x20e
                0x00800104                PROVIDE (__bss_start, .)
 *(.bss)
 *(.bss*)
 .bss.last.1795
                0x00800104        0x1 Encoder/encoder.o
 .bss.counters.1796
                0x00800105        0x3 Encoder/encoder.o
 .bss.laststate
                0x00800108        0x1 Encoder/encoder.o
 .bss.enc_delta
                0x00800109        0x1 Encoder/encoder.o
 .bss.menufirstpos
                0x0080010a        0x1 menu.o
 .bss.menuindex
                0x0080010b        0x1 menu.o
 *(COMMON)
 COMMON         0x0080010c      0x206 ST7565/ST7565.o
                0x0080010c                GLCD_y
                0x0080010d                GLCD_x
                0x0080010e                LCD_FrameBuffer
                0x00800312                PROVIDE (__bss_end, .)
                0x00000e2e                __data_load_start = LOADADDR (.data)
                0x00000e32                __data_load_end = (__data_load_start + SIZEOF (.data))

.noinit         0x00800312        0x0
                0x00800312                PROVIDE (__noinit_start, .)
 *(.noinit*)
                0x00800312                PROVIDE (__noinit_end, .)
                0x00800312                _end = .
                0x00800312                PROVIDE (__heap_start, .)

.eeprom         0x00810000        0x0
 *(.eeprom*)
                0x00810000                __eeprom_end = .

.fuse
 *(.fuse)
 *(.lfuse)
 *(.hfuse)
 *(.efuse)

.lock
 *(.lock*)

.signature
 *(.signature*)

.user_signatures
 *(.user_signatures*)

.stab
 *(.stab)

.stabstr
 *(.stabstr)

.stab.excl
 *(.stab.excl)

.stab.exclstr
 *(.stab.exclstr)

.stab.index
 *(.stab.index)

.stab.indexstr
 *(.stab.indexstr)

.comment        0x00000000       0x30
 *(.comment)
 .comment       0x00000000       0x30 Encoder/encoder.o
                                 0x31 (size before relaxing)
 .comment       0x00000000       0x31 Fonts/terminal16x16.o
 .comment       0x00000000       0x31 Fonts/terminal5x12.o
 .comment       0x00000000       0x31 Fonts/terminal8x8b.o
 .comment       0x00000000       0x31 menu.o
 .comment       0x00000000       0x31 menudef.o
 .comment       0x00000000       0x31 SPI/SPI.o
 .comment       0x00000000       0x31 Main.o
 .comment       0x00000000       0x31 ST7565/ST7565.o

.note.gnu.build-id
 *(.note.gnu.build-id)

.debug
 *(.debug)

.line
 *(.line)

.debug_srcinfo
 *(.debug_srcinfo)

.debug_sfnames
 *(.debug_sfnames)

.debug_aranges  0x00000000      0x248
 *(.debug_aranges)
 .debug_aranges
                0x00000000       0x58 Encoder/encoder.o
 .debug_aranges
                0x00000058       0x18 Fonts/terminal16x16.o
 .debug_aranges
                0x00000070       0x18 Fonts/terminal5x12.o
 .debug_aranges
                0x00000088       0x18 Fonts/terminal8x8b.o
 .debug_aranges
                0x000000a0       0x58 menu.o
 .debug_aranges
                0x000000f8       0x50 menudef.o
 .debug_aranges
                0x00000148       0x28 SPI/SPI.o
 .debug_aranges
                0x00000170       0x30 Main.o
 .debug_aranges
                0x000001a0       0xa8 ST7565/ST7565.o

.debug_pubnames
 *(.debug_pubnames)

.debug_info     0x00000000     0x3b21
 *(.debug_info .gnu.linkonce.wi.*)
 .debug_info    0x00000000      0x23e Encoder/encoder.o
 .debug_info    0x0000023e      0x8fd Fonts/terminal16x16.o
 .debug_info    0x00000b3b      0x8fd Fonts/terminal5x12.o
 .debug_info    0x00001438      0x8fd Fonts/terminal8x8b.o
 .debug_info    0x00001d35      0x4a6 menu.o
 .debug_info    0x000021db      0x73b menudef.o
 .debug_info    0x00002916       0xa8 SPI/SPI.o
 .debug_info    0x000029be      0x213 Main.o
 .debug_info    0x00002bd1      0xf50 ST7565/ST7565.o

.debug_abbrev   0x00000000      0xa82
 *(.debug_abbrev)
 .debug_abbrev  0x00000000      0x113 Encoder/encoder.o
 .debug_abbrev  0x00000113       0x86 Fonts/terminal16x16.o
 .debug_abbrev  0x00000199       0x86 Fonts/terminal5x12.o
 .debug_abbrev  0x0000021f       0x86 Fonts/terminal8x8b.o
 .debug_abbrev  0x000002a5      0x1ce menu.o
 .debug_abbrev  0x00000473      0x184 menudef.o
 .debug_abbrev  0x000005f7       0x76 SPI/SPI.o
 .debug_abbrev  0x0000066d      0x116 Main.o
 .debug_abbrev  0x00000783      0x2ff ST7565/ST7565.o

.debug_line     0x00000000      0xcde
 *(.debug_line .debug_line.* .debug_line_end)
 .debug_line    0x00000000      0x16f Encoder/encoder.o
 .debug_line    0x0000016f       0xa7 Fonts/terminal16x16.o
 .debug_line    0x00000216       0xa6 Fonts/terminal5x12.o
 .debug_line    0x000002bc       0xa6 Fonts/terminal8x8b.o
 .debug_line    0x00000362      0x1b5 menu.o
 .debug_line    0x00000517      0x207 menudef.o
 .debug_line    0x0000071e       0xc2 SPI/SPI.o
 .debug_line    0x000007e0      0x134 Main.o
 .debug_line    0x00000914      0x3ca ST7565/ST7565.o

.debug_frame    0x00000000      0x5f4
 *(.debug_frame)
 .debug_frame   0x00000000       0xdc Encoder/encoder.o
 .debug_frame   0x000000dc      0x104 menu.o
 .debug_frame   0x000001e0       0xf4 menudef.o
 .debug_frame   0x000002d4       0x34 SPI/SPI.o
 .debug_frame   0x00000308       0x44 Main.o
 .debug_frame   0x0000034c      0x2a8 ST7565/ST7565.o

.debug_str      0x00000000     0x22e3
 *(.debug_str)
 .debug_str     0x00000000      0x1e1 Encoder/encoder.o
                                0x222 (size before relaxing)
 .debug_str     0x000001e1      0x96f Fonts/terminal16x16.o
                                0xacc (size before relaxing)
 .debug_str     0x00000b50      0x96e Fonts/terminal5x12.o
                                0xacb (size before relaxing)
 .debug_str     0x000014be      0x90e Fonts/terminal8x8b.o
                                0xa6b (size before relaxing)
 .debug_str     0x00001dcc      0x161 menu.o
                                0x2d2 (size before relaxing)
 .debug_str     0x00001f2d       0xe9 menudef.o
                                0x2d9 (size before relaxing)
 .debug_str     0x00002016       0x27 SPI/SPI.o
                                0x17b (size before relaxing)
 .debug_str     0x0000203d       0x3a Main.o
                                0x21f (size before relaxing)
 .debug_str     0x00002077      0x26c ST7565/ST7565.o
                                0x495 (size before relaxing)

.debug_loc      0x00000000     0x172c
 *(.debug_loc)
 .debug_loc     0x00000000      0x185 Encoder/encoder.o
 .debug_loc     0x00000185      0x2d7 menu.o
 .debug_loc     0x0000045c      0x1a4 menudef.o
 .debug_loc     0x00000600       0x1f SPI/SPI.o
 .debug_loc     0x0000061f       0x53 Main.o
 .debug_loc     0x00000672     0x10ba ST7565/ST7565.o

.debug_macinfo
 *(.debug_macinfo)

.debug_weaknames
 *(.debug_weaknames)

.debug_funcnames
 *(.debug_funcnames)

.debug_typenames
 *(.debug_typenames)

.debug_varnames
 *(.debug_varnames)

.debug_pubtypes
 *(.debug_pubtypes)

.debug_ranges   0x00000000      0x298
 *(.debug_ranges)
 .debug_ranges  0x00000000       0x48 Encoder/encoder.o
 .debug_ranges  0x00000048       0x88 menu.o
 .debug_ranges  0x000000d0       0x40 menudef.o
 .debug_ranges  0x00000110       0x18 SPI/SPI.o
 .debug_ranges  0x00000128       0x20 Main.o
 .debug_ranges  0x00000148      0x150 ST7565/ST7565.o

.debug_macro
 *(.debug_macro)
OUTPUT(ST7565-Menu.elf elf32-avr)
LOAD linker stubs
