Archive member included because of file (symbol)

c:/program files (x86)/atmel/atmel toolchain/avr8 gcc/native/3.4.1056/avr8-gnu-toolchain/bin/../lib/gcc/avr/4.8.1/avr5\libgcc.a(_divmodhi4.o)
                              menu.o (__divmodhi4)
c:/program files (x86)/atmel/atmel toolchain/avr8 gcc/native/3.4.1056/avr8-gnu-toolchain/bin/../lib/gcc/avr/4.8.1/avr5\libgcc.a(_exit.o)
                              c:/program files (x86)/atmel/atmel toolchain/avr8 gcc/native/3.4.1056/avr8-gnu-toolchain/bin/../lib/gcc/avr/4.8.1/../../../../avr/lib/avr5/crtm328p.o (exit)
c:/program files (x86)/atmel/atmel toolchain/avr8 gcc/native/3.4.1056/avr8-gnu-toolchain/bin/../lib/gcc/avr/4.8.1/avr5\libgcc.a(_copy_data.o)
                              menu.o (__do_copy_data)
c:/program files (x86)/atmel/atmel toolchain/avr8 gcc/native/3.4.1056/avr8-gnu-toolchain/bin/../lib/gcc/avr/4.8.1/avr5\libgcc.a(_clear_bss.o)
                              Encoder/encoder.o (__do_clear_bss)
c:/program files (x86)/atmel/atmel toolchain/avr8 gcc/native/3.4.1056/avr8-gnu-toolchain/bin/../lib/gcc/avr/4.8.1/avr5\libgcc.a(_udivmodhi4.o)
                              c:/program files (x86)/atmel/atmel toolchain/avr8 gcc/native/3.4.1056/avr8-gnu-toolchain/bin/../lib/gcc/avr/4.8.1/avr5\libgcc.a(_divmodhi4.o) (__udivmodhi4)

Allocating common symbols
Common symbol       size              file

GLCD_y              0x1               ST7565/ST7565.o
GLCD_x              0x1               ST7565/ST7565.o
LCD_FrameBuffer     0x204             ST7565/ST7565.o

Discarded input sections

 .bss           0x00000000        0x0 c:/program files (x86)/atmel/atmel toolchain/avr8 gcc/native/3.4.1056/avr8-gnu-toolchain/bin/../lib/gcc/avr/4.8.1/../../../../avr/lib/avr5/crtm328p.o
 .text          0x00000000        0x0 Encoder/encoder.o
 .bss           0x00000000        0x0 Encoder/encoder.o
 .text.Timer0Init
                0x00000000       0x10 Encoder/encoder.o
 .text.Read1StepEncoder
                0x00000000        0xe Encoder/encoder.o
 .text.Read2StepEncoder
                0x00000000       0x14 Encoder/encoder.o
 .text          0x00000000        0x0 Fonts/terminal16x16.o
 .bss           0x00000000        0x0 Fonts/terminal16x16.o
 .progmem.data.system16_array
                0x00000000       0xc2 Fonts/terminal16x16.o
 .progmem.data.image_data_system16_0x7e
                0x00000000       0x19 Fonts/terminal16x16.o
 .progmem.data.image_data_system16_0x7d
                0x00000000       0x19 Fonts/terminal16x16.o
 .progmem.data.image_data_system16_0x7c
                0x00000000       0x19 Fonts/terminal16x16.o
 .progmem.data.image_data_system16_0x7b
                0x00000000       0x19 Fonts/terminal16x16.o
 .progmem.data.image_data_system16_0x7a
                0x00000000       0x19 Fonts/terminal16x16.o
 .progmem.data.image_data_system16_0x79
                0x00000000       0x19 Fonts/terminal16x16.o
 .progmem.data.image_data_system16_0x78
                0x00000000       0x19 Fonts/terminal16x16.o
 .progmem.data.image_data_system16_0x77
                0x00000000       0x19 Fonts/terminal16x16.o
 .progmem.data.image_data_system16_0x76
                0x00000000       0x19 Fonts/terminal16x16.o
 .progmem.data.image_data_system16_0x75
                0x00000000       0x19 Fonts/terminal16x16.o
 .progmem.data.image_data_system16_0x74
                0x00000000       0x19 Fonts/terminal16x16.o
 .progmem.data.image_data_system16_0x73
                0x00000000       0x19 Fonts/terminal16x16.o
 .progmem.data.image_data_system16_0x72
                0x00000000       0x19 Fonts/terminal16x16.o
 .progmem.data.image_data_system16_0x71
                0x00000000       0x19 Fonts/terminal16x16.o
 .progmem.data.image_data_system16_0x70
                0x00000000       0x19 Fonts/terminal16x16.o
 .progmem.data.image_data_system16_0x6f
                0x00000000       0x19 Fonts/terminal16x16.o
 .progmem.data.image_data_system16_0x6e
                0x00000000       0x19 Fonts/terminal16x16.o
 .progmem.data.image_data_system16_0x6d
                0x00000000       0x19 Fonts/terminal16x16.o
 .progmem.data.image_data_system16_0x6c
                0x00000000       0x19 Fonts/terminal16x16.o
 .progmem.data.image_data_system16_0x6b
                0x00000000       0x19 Fonts/terminal16x16.o
 .progmem.data.image_data_system16_0x6a
                0x00000000       0x19 Fonts/terminal16x16.o
 .progmem.data.image_data_system16_0x69
                0x00000000       0x19 Fonts/terminal16x16.o
 .progmem.data.image_data_system16_0x68
                0x00000000       0x19 Fonts/terminal16x16.o
 .progmem.data.image_data_system16_0x67
                0x00000000       0x19 Fonts/terminal16x16.o
 .progmem.data.image_data_system16_0x66
                0x00000000       0x19 Fonts/terminal16x16.o
 .progmem.data.image_data_system16_0x65
                0x00000000       0x19 Fonts/terminal16x16.o
 .progmem.data.image_data_system16_0x64
                0x00000000       0x19 Fonts/terminal16x16.o
 .progmem.data.image_data_system16_0x63
                0x00000000       0x19 Fonts/terminal16x16.o
 .progmem.data.image_data_system16_0x62
                0x00000000       0x19 Fonts/terminal16x16.o
 .progmem.data.image_data_system16_0x61
                0x00000000       0x19 Fonts/terminal16x16.o
 .progmem.data.image_data_system16_0x60
                0x00000000       0x19 Fonts/terminal16x16.o
 .progmem.data.image_data_system16_0x5f
                0x00000000       0x19 Fonts/terminal16x16.o
 .progmem.data.image_data_system16_0x5e
                0x00000000       0x19 Fonts/terminal16x16.o
 .progmem.data.image_data_system16_0x5d
                0x00000000       0x19 Fonts/terminal16x16.o
 .progmem.data.image_data_system16_0x5c
                0x00000000       0x19 Fonts/terminal16x16.o
 .progmem.data.image_data_system16_0x5b
                0x00000000       0x19 Fonts/terminal16x16.o
 .progmem.data.image_data_system16_0x5a
                0x00000000       0x19 Fonts/terminal16x16.o
 .progmem.data.image_data_system16_0x59
                0x00000000       0x19 Fonts/terminal16x16.o
 .progmem.data.image_data_system16_0x58
                0x00000000       0x19 Fonts/terminal16x16.o
 .progmem.data.image_data_system16_0x57
                0x00000000       0x19 Fonts/terminal16x16.o
 .progmem.data.image_data_system16_0x56
                0x00000000       0x19 Fonts/terminal16x16.o
 .progmem.data.image_data_system16_0x55
                0x00000000       0x19 Fonts/terminal16x16.o
 .progmem.data.image_data_system16_0x54
                0x00000000       0x19 Fonts/terminal16x16.o
 .progmem.data.image_data_system16_0x53
                0x00000000       0x19 Fonts/terminal16x16.o
 .progmem.data.image_data_system16_0x52
                0x00000000       0x19 Fonts/terminal16x16.o
 .progmem.data.image_data_system16_0x51
                0x00000000       0x19 Fonts/terminal16x16.o
 .progmem.data.image_data_system16_0x50
                0x00000000       0x19 Fonts/terminal16x16.o
 .progmem.data.image_data_system16_0x4f
                0x00000000       0x19 Fonts/terminal16x16.o
 .progmem.data.image_data_system16_0x4e
                0x00000000       0x19 Fonts/terminal16x16.o
 .progmem.data.image_data_system16_0x4d
                0x00000000       0x19 Fonts/terminal16x16.o
 .progmem.data.image_data_system16_0x4c
                0x00000000       0x19 Fonts/terminal16x16.o
 .progmem.data.image_data_system16_0x4b
                0x00000000       0x19 Fonts/terminal16x16.o
 .progmem.data.image_data_system16_0x4a
                0x00000000       0x19 Fonts/terminal16x16.o
 .progmem.data.image_data_system16_0x49
                0x00000000       0x19 Fonts/terminal16x16.o
 .progmem.data.image_data_system16_0x48
                0x00000000       0x19 Fonts/terminal16x16.o
 .progmem.data.image_data_system16_0x47
                0x00000000       0x19 Fonts/terminal16x16.o
 .progmem.data.image_data_system16_0x46
                0x00000000       0x19 Fonts/terminal16x16.o
 .progmem.data.image_data_system16_0x45
                0x00000000       0x19 Fonts/terminal16x16.o
 .progmem.data.image_data_system16_0x44
                0x00000000       0x19 Fonts/terminal16x16.o
 .progmem.data.image_data_system16_0x43
                0x00000000       0x19 Fonts/terminal16x16.o
 .progmem.data.image_data_system16_0x42
                0x00000000       0x19 Fonts/terminal16x16.o
 .progmem.data.image_data_system16_0x41
                0x00000000       0x19 Fonts/terminal16x16.o
 .progmem.data.image_data_system16_0x40
                0x00000000       0x19 Fonts/terminal16x16.o
 .progmem.data.image_data_system16_0x3f
                0x00000000       0x19 Fonts/terminal16x16.o
 .progmem.data.image_data_system16_0x3e
                0x00000000       0x19 Fonts/terminal16x16.o
 .progmem.data.image_data_system16_0x3d
                0x00000000       0x19 Fonts/terminal16x16.o
 .progmem.data.image_data_system16_0x3c
                0x00000000       0x19 Fonts/terminal16x16.o
 .progmem.data.image_data_system16_0x3b
                0x00000000       0x19 Fonts/terminal16x16.o
 .progmem.data.image_data_system16_0x3a
                0x00000000       0x19 Fonts/terminal16x16.o
 .progmem.data.image_data_system16_0x39
                0x00000000       0x19 Fonts/terminal16x16.o
 .progmem.data.image_data_system16_0x38
                0x00000000       0x19 Fonts/terminal16x16.o
 .progmem.data.image_data_system16_0x37
                0x00000000       0x19 Fonts/terminal16x16.o
 .progmem.data.image_data_system16_0x36
                0x00000000       0x19 Fonts/terminal16x16.o
 .progmem.data.image_data_system16_0x35
                0x00000000       0x19 Fonts/terminal16x16.o
 .progmem.data.image_data_system16_0x34
                0x00000000       0x19 Fonts/terminal16x16.o
 .progmem.data.image_data_system16_0x33
                0x00000000       0x19 Fonts/terminal16x16.o
 .progmem.data.image_data_system16_0x32
                0x00000000       0x19 Fonts/terminal16x16.o
 .progmem.data.image_data_system16_0x31
                0x00000000       0x19 Fonts/terminal16x16.o
 .progmem.data.image_data_system16_0x30
                0x00000000       0x19 Fonts/terminal16x16.o
 .progmem.data.image_data_system16_0x2f
                0x00000000       0x19 Fonts/terminal16x16.o
 .progmem.data.image_data_system16_0x2e
                0x00000000       0x19 Fonts/terminal16x16.o
 .progmem.data.image_data_system16_0x2d
                0x00000000       0x19 Fonts/terminal16x16.o
 .progmem.data.image_data_system16_0x2c
                0x00000000       0x19 Fonts/terminal16x16.o
 .progmem.data.image_data_system16_0x2b
                0x00000000       0x19 Fonts/terminal16x16.o
 .progmem.data.image_data_system16_0x2a
                0x00000000       0x19 Fonts/terminal16x16.o
 .progmem.data.image_data_system16_0x29
                0x00000000       0x19 Fonts/terminal16x16.o
 .progmem.data.image_data_system16_0x28
                0x00000000       0x19 Fonts/terminal16x16.o
 .progmem.data.image_data_system16_0x27
                0x00000000       0x19 Fonts/terminal16x16.o
 .progmem.data.image_data_system16_0x26
                0x00000000       0x19 Fonts/terminal16x16.o
 .progmem.data.image_data_system16_0x25
                0x00000000       0x19 Fonts/terminal16x16.o
 .progmem.data.image_data_system16_0x24
                0x00000000       0x19 Fonts/terminal16x16.o
 .progmem.data.image_data_system16_0x23
                0x00000000       0x19 Fonts/terminal16x16.o
 .progmem.data.image_data_system16_0x22
                0x00000000       0x19 Fonts/terminal16x16.o
 .progmem.data.image_data_system16_0x21
                0x00000000       0x19 Fonts/terminal16x16.o
 .progmem.data.image_data_system16_0x20
                0x00000000       0x19 Fonts/terminal16x16.o
 .text          0x00000000        0x0 Fonts/terminal5x12.o
 .bss           0x00000000        0x0 Fonts/terminal5x12.o
 .progmem.data.system12_array
                0x00000000       0xc2 Fonts/terminal5x12.o
 .progmem.data.image_data_system12_0x7e
                0x00000000        0x9 Fonts/terminal5x12.o
 .progmem.data.image_data_system12_0x7d
                0x00000000        0x9 Fonts/terminal5x12.o
 .progmem.data.image_data_system12_0x7c
                0x00000000        0x9 Fonts/terminal5x12.o
 .progmem.data.image_data_system12_0x7b
                0x00000000        0x9 Fonts/terminal5x12.o
 .progmem.data.image_data_system12_0x7a
                0x00000000        0x9 Fonts/terminal5x12.o
 .progmem.data.image_data_system12_0x79
                0x00000000        0x9 Fonts/terminal5x12.o
 .progmem.data.image_data_system12_0x78
                0x00000000        0x9 Fonts/terminal5x12.o
 .progmem.data.image_data_system12_0x77
                0x00000000        0x9 Fonts/terminal5x12.o
 .progmem.data.image_data_system12_0x76
                0x00000000        0x9 Fonts/terminal5x12.o
 .progmem.data.image_data_system12_0x75
                0x00000000        0x9 Fonts/terminal5x12.o
 .progmem.data.image_data_system12_0x74
                0x00000000        0x9 Fonts/terminal5x12.o
 .progmem.data.image_data_system12_0x73
                0x00000000        0x9 Fonts/terminal5x12.o
 .progmem.data.image_data_system12_0x72
                0x00000000        0x9 Fonts/terminal5x12.o
 .progmem.data.image_data_system12_0x71
                0x00000000        0x9 Fonts/terminal5x12.o
 .progmem.data.image_data_system12_0x70
                0x00000000        0x9 Fonts/terminal5x12.o
 .progmem.data.image_data_system12_0x6f
                0x00000000        0x9 Fonts/terminal5x12.o
 .progmem.data.image_data_system12_0x6e
                0x00000000        0x9 Fonts/terminal5x12.o
 .progmem.data.image_data_system12_0x6d
                0x00000000        0x9 Fonts/terminal5x12.o
 .progmem.data.image_data_system12_0x6c
                0x00000000        0x9 Fonts/terminal5x12.o
 .progmem.data.image_data_system12_0x6b
                0x00000000        0x9 Fonts/terminal5x12.o
 .progmem.data.image_data_system12_0x6a
                0x00000000        0x9 Fonts/terminal5x12.o
 .progmem.data.image_data_system12_0x69
                0x00000000        0x9 Fonts/terminal5x12.o
 .progmem.data.image_data_system12_0x68
                0x00000000        0x9 Fonts/terminal5x12.o
 .progmem.data.image_data_system12_0x67
                0x00000000        0x9 Fonts/terminal5x12.o
 .progmem.data.image_data_system12_0x66
                0x00000000        0x9 Fonts/terminal5x12.o
 .progmem.data.image_data_system12_0x65
                0x00000000        0x9 Fonts/terminal5x12.o
 .progmem.data.image_data_system12_0x64
                0x00000000        0x9 Fonts/terminal5x12.o
 .progmem.data.image_data_system12_0x63
                0x00000000        0x9 Fonts/terminal5x12.o
 .progmem.data.image_data_system12_0x62
                0x00000000        0x9 Fonts/terminal5x12.o
 .progmem.data.image_data_system12_0x61
                0x00000000        0x9 Fonts/terminal5x12.o
 .progmem.data.image_data_system12_0x60
                0x00000000        0x9 Fonts/terminal5x12.o
 .progmem.data.image_data_system12_0x5f
                0x00000000        0x9 Fonts/terminal5x12.o
 .progmem.data.image_data_system12_0x5e
                0x00000000        0x9 Fonts/terminal5x12.o
 .progmem.data.image_data_system12_0x5d
                0x00000000        0x9 Fonts/terminal5x12.o
 .progmem.data.image_data_system12_0x5c
                0x00000000        0x9 Fonts/terminal5x12.o
 .progmem.data.image_data_system12_0x5b
                0x00000000        0x9 Fonts/terminal5x12.o
 .progmem.data.image_data_system12_0x5a
                0x00000000        0x9 Fonts/terminal5x12.o
 .progmem.data.image_data_system12_0x59
                0x00000000        0x9 Fonts/terminal5x12.o
 .progmem.data.image_data_system12_0x58
                0x00000000        0x9 Fonts/terminal5x12.o
 .progmem.data.image_data_system12_0x57
                0x00000000        0x9 Fonts/terminal5x12.o
 .progmem.data.image_data_system12_0x56
                0x00000000        0x9 Fonts/terminal5x12.o
 .progmem.data.image_data_system12_0x55
                0x00000000        0x9 Fonts/terminal5x12.o
 .progmem.data.image_data_system12_0x54
                0x00000000        0x9 Fonts/terminal5x12.o
 .progmem.data.image_data_system12_0x53
                0x00000000        0x9 Fonts/terminal5x12.o
 .progmem.data.image_data_system12_0x52
                0x00000000        0x9 Fonts/terminal5x12.o
 .progmem.data.image_data_system12_0x51
                0x00000000        0x9 Fonts/terminal5x12.o
 .progmem.data.image_data_system12_0x50
                0x00000000        0x9 Fonts/terminal5x12.o
 .progmem.data.image_data_system12_0x4f
                0x00000000        0x9 Fonts/terminal5x12.o
 .progmem.data.image_data_system12_0x4e
                0x00000000        0x9 Fonts/terminal5x12.o
 .progmem.data.image_data_system12_0x4d
                0x00000000        0x9 Fonts/terminal5x12.o
 .progmem.data.image_data_system12_0x4c
                0x00000000        0x9 Fonts/terminal5x12.o
 .progmem.data.image_data_system12_0x4b
                0x00000000        0x9 Fonts/terminal5x12.o
 .progmem.data.image_data_system12_0x4a
                0x00000000        0x9 Fonts/terminal5x12.o
 .progmem.data.image_data_system12_0x49
                0x00000000        0x9 Fonts/terminal5x12.o
 .progmem.data.image_data_system12_0x48
                0x00000000        0x9 Fonts/terminal5x12.o
 .progmem.data.image_data_system12_0x47
                0x00000000        0x9 Fonts/terminal5x12.o
 .progmem.data.image_data_system12_0x46
                0x00000000        0x9 Fonts/terminal5x12.o
 .progmem.data.image_data_system12_0x45
                0x00000000        0x9 Fonts/terminal5x12.o
 .progmem.data.image_data_system12_0x44
                0x00000000        0x9 Fonts/terminal5x12.o
 .progmem.data.image_data_system12_0x43
                0x00000000        0x9 Fonts/terminal5x12.o
 .progmem.data.image_data_system12_0x42
                0x00000000        0x9 Fonts/terminal5x12.o
 .progmem.data.image_data_system12_0x41
                0x00000000        0x9 Fonts/terminal5x12.o
 .progmem.data.image_data_system12_0x40
                0x00000000        0x9 Fonts/terminal5x12.o
 .progmem.data.image_data_system12_0x3f
                0x00000000        0x9 Fonts/terminal5x12.o
 .progmem.data.image_data_system12_0x3e
                0x00000000        0x9 Fonts/terminal5x12.o
 .progmem.data.image_data_system12_0x3d
                0x00000000        0x9 Fonts/terminal5x12.o
 .progmem.data.image_data_system12_0x3c
                0x00000000        0x9 Fonts/terminal5x12.o
 .progmem.data.image_data_system12_0x3b
                0x00000000        0x9 Fonts/terminal5x12.o
 .progmem.data.image_data_system12_0x3a
                0x00000000        0x9 Fonts/terminal5x12.o
 .progmem.data.image_data_system12_0x39
                0x00000000        0x9 Fonts/terminal5x12.o
 .progmem.data.image_data_system12_0x38
                0x00000000        0x9 Fonts/terminal5x12.o
 .progmem.data.image_data_system12_0x37
                0x00000000        0x9 Fonts/terminal5x12.o
 .progmem.data.image_data_system12_0x36
                0x00000000        0x9 Fonts/terminal5x12.o
 .progmem.data.image_data_system12_0x35
                0x00000000        0x9 Fonts/terminal5x12.o
 .progmem.data.image_data_system12_0x34
                0x00000000        0x9 Fonts/terminal5x12.o
 .progmem.data.image_data_system12_0x33
                0x00000000        0x9 Fonts/terminal5x12.o
 .progmem.data.image_data_system12_0x32
                0x00000000        0x9 Fonts/terminal5x12.o
 .progmem.data.image_data_system12_0x31
                0x00000000        0x9 Fonts/terminal5x12.o
 .progmem.data.image_data_system12_0x30
                0x00000000        0x9 Fonts/terminal5x12.o
 .progmem.data.image_data_system12_0x2f
                0x00000000        0x9 Fonts/terminal5x12.o
 .progmem.data.image_data_system12_0x2e
                0x00000000        0x9 Fonts/terminal5x12.o
 .progmem.data.image_data_system12_0x2d
                0x00000000        0x9 Fonts/terminal5x12.o
 .progmem.data.image_data_system12_0x2c
                0x00000000        0x9 Fonts/terminal5x12.o
 .progmem.data.image_data_system12_0x2b
                0x00000000        0x9 Fonts/terminal5x12.o
 .progmem.data.image_data_system12_0x2a
                0x00000000        0x9 Fonts/terminal5x12.o
 .progmem.data.image_data_system12_0x29
                0x00000000        0x9 Fonts/terminal5x12.o
 .progmem.data.image_data_system12_0x28
                0x00000000        0x9 Fonts/terminal5x12.o
 .progmem.data.image_data_system12_0x27
                0x00000000        0x9 Fonts/terminal5x12.o
 .progmem.data.image_data_system12_0x26
                0x00000000        0x9 Fonts/terminal5x12.o
 .progmem.data.image_data_system12_0x25
                0x00000000        0x9 Fonts/terminal5x12.o
 .progmem.data.image_data_system12_0x24
                0x00000000        0x9 Fonts/terminal5x12.o
 .progmem.data.image_data_system12_0x23
                0x00000000        0x9 Fonts/terminal5x12.o
 .progmem.data.image_data_system12_0x22
                0x00000000        0x9 Fonts/terminal5x12.o
 .progmem.data.image_data_system12_0x21
                0x00000000        0x9 Fonts/terminal5x12.o
 .progmem.data.image_data_system12_0x20
                0x00000000        0x9 Fonts/terminal5x12.o
 .text          0x00000000        0x0 Fonts/terminal8x8b.o
 .bss           0x00000000        0x0 Fonts/terminal8x8b.o
 .text          0x00000000        0x0 menu.o
 .bss           0x00000000        0x0 menu.o
 .text          0x00000000        0x0 menudef.o
 .bss           0x00000000        0x0 menudef.o
 .text          0x00000000        0x0 Pics/arrowup.o
 .bss           0x00000000        0x0 Pics/arrowup.o
 .text          0x00000000        0x0 Pics/battery.o
 .bss           0x00000000        0x0 Pics/battery.o
 .text          0x00000000        0x0 Pics/bulb.o
 .bss           0x00000000        0x0 Pics/bulb.o
 .text          0x00000000        0x0 Pics/calculator.o
 .bss           0x00000000        0x0 Pics/calculator.o
 .text          0x00000000        0x0 Pics/directory.o
 .bss           0x00000000        0x0 Pics/directory.o
 .text          0x00000000        0x0 Pics/floppy-disc.o
 .bss           0x00000000        0x0 Pics/floppy-disc.o
 .text          0x00000000        0x0 Pics/headphones.o
 .bss           0x00000000        0x0 Pics/headphones.o
 .text          0x00000000        0x0 Pics/laptop.o
 .bss           0x00000000        0x0 Pics/laptop.o
 .text          0x00000000        0x0 Pics/microphone.o
 .bss           0x00000000        0x0 Pics/microphone.o
 .text          0x00000000        0x0 Pics/photography.o
 .bss           0x00000000        0x0 Pics/photography.o
 .text          0x00000000        0x0 Pics/plug.o
 .bss           0x00000000        0x0 Pics/plug.o
 .progmem.data.image_data_plug
                0x00000000       0x4a Pics/plug.o
 .text          0x00000000        0x0 Pics/radio.o
 .bss           0x00000000        0x0 Pics/radio.o
 .text          0x00000000        0x0 Pics/tools.o
 .bss           0x00000000        0x0 Pics/tools.o
 .text          0x00000000        0x0 SPI/SPI.o
 .bss           0x00000000        0x0 SPI/SPI.o
 .text          0x00000000        0x0 Main.o
 .bss           0x00000000        0x0 Main.o
 .text.LCD_BackLight_Init
                0x00000000       0x1c Main.o
 .text          0x00000000        0x0 ST7565/ST7565.o
 .bss           0x00000000        0x0 ST7565/ST7565.o
 .text.st7565r_write_data_at
                0x00000000       0x40 ST7565/ST7565.o
 .text.st7565r_set_display_start_line_address
                0x00000000        0x8 ST7565/ST7565.o
 .text.st7565r_LCD_test
                0x00000000        0xe ST7565/ST7565.o
 .text.st7565r_CpyFramebuffer
                0x00000000       0x50 ST7565/ST7565.o
 .text.st7565r_DrawHLine
                0x00000000       0x2c ST7565/ST7565.o
 .text.st7565r_Circle
                0x00000000      0x144 ST7565/ST7565.o
 .text.st7565r_DrawRect
                0x00000000       0x44 ST7565/ST7565.o
 .text          0x00000000        0x0 c:/program files (x86)/atmel/atmel toolchain/avr8 gcc/native/3.4.1056/avr8-gnu-toolchain/bin/../lib/gcc/avr/4.8.1/avr5\libgcc.a(_divmodhi4.o)
 .bss           0x00000000        0x0 c:/program files (x86)/atmel/atmel toolchain/avr8 gcc/native/3.4.1056/avr8-gnu-toolchain/bin/../lib/gcc/avr/4.8.1/avr5\libgcc.a(_divmodhi4.o)
 .text.libgcc.mul
                0x00000000        0x0 c:/program files (x86)/atmel/atmel toolchain/avr8 gcc/native/3.4.1056/avr8-gnu-toolchain/bin/../lib/gcc/avr/4.8.1/avr5\libgcc.a(_divmodhi4.o)
 .text.libgcc   0x00000000        0x0 c:/program files (x86)/atmel/atmel toolchain/avr8 gcc/native/3.4.1056/avr8-gnu-toolchain/bin/../lib/gcc/avr/4.8.1/avr5\libgcc.a(_divmodhi4.o)
 .text.libgcc.prologue
                0x00000000        0x0 c:/program files (x86)/atmel/atmel toolchain/avr8 gcc/native/3.4.1056/avr8-gnu-toolchain/bin/../lib/gcc/avr/4.8.1/avr5\libgcc.a(_divmodhi4.o)
 .text.libgcc.builtins
                0x00000000        0x0 c:/program files (x86)/atmel/atmel toolchain/avr8 gcc/native/3.4.1056/avr8-gnu-toolchain/bin/../lib/gcc/avr/4.8.1/avr5\libgcc.a(_divmodhi4.o)
 .text.libgcc.fmul
                0x00000000        0x0 c:/program files (x86)/atmel/atmel toolchain/avr8 gcc/native/3.4.1056/avr8-gnu-toolchain/bin/../lib/gcc/avr/4.8.1/avr5\libgcc.a(_divmodhi4.o)
 .text.libgcc.fixed
                0x00000000        0x0 c:/program files (x86)/atmel/atmel toolchain/avr8 gcc/native/3.4.1056/avr8-gnu-toolchain/bin/../lib/gcc/avr/4.8.1/avr5\libgcc.a(_divmodhi4.o)
 .text          0x00000000        0x0 c:/program files (x86)/atmel/atmel toolchain/avr8 gcc/native/3.4.1056/avr8-gnu-toolchain/bin/../lib/gcc/avr/4.8.1/avr5\libgcc.a(_exit.o)
 .bss           0x00000000        0x0 c:/program files (x86)/atmel/atmel toolchain/avr8 gcc/native/3.4.1056/avr8-gnu-toolchain/bin/../lib/gcc/avr/4.8.1/avr5\libgcc.a(_exit.o)
 .text.libgcc.mul
                0x00000000        0x0 c:/program files (x86)/atmel/atmel toolchain/avr8 gcc/native/3.4.1056/avr8-gnu-toolchain/bin/../lib/gcc/avr/4.8.1/avr5\libgcc.a(_exit.o)
 .text.libgcc.div
                0x00000000        0x0 c:/program files (x86)/atmel/atmel toolchain/avr8 gcc/native/3.4.1056/avr8-gnu-toolchain/bin/../lib/gcc/avr/4.8.1/avr5\libgcc.a(_exit.o)
 .text.libgcc   0x00000000        0x0 c:/program files (x86)/atmel/atmel toolchain/avr8 gcc/native/3.4.1056/avr8-gnu-toolchain/bin/../lib/gcc/avr/4.8.1/avr5\libgcc.a(_exit.o)
 .text.libgcc.prologue
                0x00000000        0x0 c:/program files (x86)/atmel/atmel toolchain/avr8 gcc/native/3.4.1056/avr8-gnu-toolchain/bin/../lib/gcc/avr/4.8.1/avr5\libgcc.a(_exit.o)
 .text.libgcc.builtins
                0x00000000        0x0 c:/program files (x86)/atmel/atmel toolchain/avr8 gcc/native/3.4.1056/avr8-gnu-toolchain/bin/../lib/gcc/avr/4.8.1/avr5\libgcc.a(_exit.o)
 .text.libgcc.fmul
                0x00000000        0x0 c:/program files (x86)/atmel/atmel toolchain/avr8 gcc/native/3.4.1056/avr8-gnu-toolchain/bin/../lib/gcc/avr/4.8.1/avr5\libgcc.a(_exit.o)
 .text.libgcc.fixed
                0x00000000        0x0 c:/program files (x86)/atmel/atmel toolchain/avr8 gcc/native/3.4.1056/avr8-gnu-toolchain/bin/../lib/gcc/avr/4.8.1/avr5\libgcc.a(_exit.o)
 .text          0x00000000        0x0 c:/program files (x86)/atmel/atmel toolchain/avr8 gcc/native/3.4.1056/avr8-gnu-toolchain/bin/../lib/gcc/avr/4.8.1/avr5\libgcc.a(_copy_data.o)
 .bss           0x00000000        0x0 c:/program files (x86)/atmel/atmel toolchain/avr8 gcc/native/3.4.1056/avr8-gnu-toolchain/bin/../lib/gcc/avr/4.8.1/avr5\libgcc.a(_copy_data.o)
 .text.libgcc.mul
                0x00000000        0x0 c:/program files (x86)/atmel/atmel toolchain/avr8 gcc/native/3.4.1056/avr8-gnu-toolchain/bin/../lib/gcc/avr/4.8.1/avr5\libgcc.a(_copy_data.o)
 .text.libgcc.div
                0x00000000        0x0 c:/program files (x86)/atmel/atmel toolchain/avr8 gcc/native/3.4.1056/avr8-gnu-toolchain/bin/../lib/gcc/avr/4.8.1/avr5\libgcc.a(_copy_data.o)
 .text.libgcc   0x00000000        0x0 c:/program files (x86)/atmel/atmel toolchain/avr8 gcc/native/3.4.1056/avr8-gnu-toolchain/bin/../lib/gcc/avr/4.8.1/avr5\libgcc.a(_copy_data.o)
 .text.libgcc.prologue
                0x00000000        0x0 c:/program files (x86)/atmel/atmel toolchain/avr8 gcc/native/3.4.1056/avr8-gnu-toolchain/bin/../lib/gcc/avr/4.8.1/avr5\libgcc.a(_copy_data.o)
 .text.libgcc.builtins
                0x00000000        0x0 c:/program files (x86)/atmel/atmel toolchain/avr8 gcc/native/3.4.1056/avr8-gnu-toolchain/bin/../lib/gcc/avr/4.8.1/avr5\libgcc.a(_copy_data.o)
 .text.libgcc.fmul
                0x00000000        0x0 c:/program files (x86)/atmel/atmel toolchain/avr8 gcc/native/3.4.1056/avr8-gnu-toolchain/bin/../lib/gcc/avr/4.8.1/avr5\libgcc.a(_copy_data.o)
 .text.libgcc.fixed
                0x00000000        0x0 c:/program files (x86)/atmel/atmel toolchain/avr8 gcc/native/3.4.1056/avr8-gnu-toolchain/bin/../lib/gcc/avr/4.8.1/avr5\libgcc.a(_copy_data.o)
 .text          0x00000000        0x0 c:/program files (x86)/atmel/atmel toolchain/avr8 gcc/native/3.4.1056/avr8-gnu-toolchain/bin/../lib/gcc/avr/4.8.1/avr5\libgcc.a(_clear_bss.o)
 .bss           0x00000000        0x0 c:/program files (x86)/atmel/atmel toolchain/avr8 gcc/native/3.4.1056/avr8-gnu-toolchain/bin/../lib/gcc/avr/4.8.1/avr5\libgcc.a(_clear_bss.o)
 .text.libgcc.mul
                0x00000000        0x0 c:/program files (x86)/atmel/atmel toolchain/avr8 gcc/native/3.4.1056/avr8-gnu-toolchain/bin/../lib/gcc/avr/4.8.1/avr5\libgcc.a(_clear_bss.o)
 .text.libgcc.div
                0x00000000        0x0 c:/program files (x86)/atmel/atmel toolchain/avr8 gcc/native/3.4.1056/avr8-gnu-toolchain/bin/../lib/gcc/avr/4.8.1/avr5\libgcc.a(_clear_bss.o)
 .text.libgcc   0x00000000        0x0 c:/program files (x86)/atmel/atmel toolchain/avr8 gcc/native/3.4.1056/avr8-gnu-toolchain/bin/../lib/gcc/avr/4.8.1/avr5\libgcc.a(_clear_bss.o)
 .text.libgcc.prologue
                0x00000000        0x0 c:/program files (x86)/atmel/atmel toolchain/avr8 gcc/native/3.4.1056/avr8-gnu-toolchain/bin/../lib/gcc/avr/4.8.1/avr5\libgcc.a(_clear_bss.o)
 .text.libgcc.builtins
                0x00000000        0x0 c:/program files (x86)/atmel/atmel toolchain/avr8 gcc/native/3.4.1056/avr8-gnu-toolchain/bin/../lib/gcc/avr/4.8.1/avr5\libgcc.a(_clear_bss.o)
 .text.libgcc.fmul
                0x00000000        0x0 c:/program files (x86)/atmel/atmel toolchain/avr8 gcc/native/3.4.1056/avr8-gnu-toolchain/bin/../lib/gcc/avr/4.8.1/avr5\libgcc.a(_clear_bss.o)
 .text.libgcc.fixed
                0x00000000        0x0 c:/program files (x86)/atmel/atmel toolchain/avr8 gcc/native/3.4.1056/avr8-gnu-toolchain/bin/../lib/gcc/avr/4.8.1/avr5\libgcc.a(_clear_bss.o)
 .text          0x00000000        0x0 c:/program files (x86)/atmel/atmel toolchain/avr8 gcc/native/3.4.1056/avr8-gnu-toolchain/bin/../lib/gcc/avr/4.8.1/avr5\libgcc.a(_udivmodhi4.o)
 .bss           0x00000000        0x0 c:/program files (x86)/atmel/atmel toolchain/avr8 gcc/native/3.4.1056/avr8-gnu-toolchain/bin/../lib/gcc/avr/4.8.1/avr5\libgcc.a(_udivmodhi4.o)
 .text.libgcc.mul
                0x00000000        0x0 c:/program files (x86)/atmel/atmel toolchain/avr8 gcc/native/3.4.1056/avr8-gnu-toolchain/bin/../lib/gcc/avr/4.8.1/avr5\libgcc.a(_udivmodhi4.o)
 .text.libgcc   0x00000000        0x0 c:/program files (x86)/atmel/atmel toolchain/avr8 gcc/native/3.4.1056/avr8-gnu-toolchain/bin/../lib/gcc/avr/4.8.1/avr5\libgcc.a(_udivmodhi4.o)
 .text.libgcc.prologue
                0x00000000        0x0 c:/program files (x86)/atmel/atmel toolchain/avr8 gcc/native/3.4.1056/avr8-gnu-toolchain/bin/../lib/gcc/avr/4.8.1/avr5\libgcc.a(_udivmodhi4.o)
 .text.libgcc.builtins
                0x00000000        0x0 c:/program files (x86)/atmel/atmel toolchain/avr8 gcc/native/3.4.1056/avr8-gnu-toolchain/bin/../lib/gcc/avr/4.8.1/avr5\libgcc.a(_udivmodhi4.o)
 .text.libgcc.fmul
                0x00000000        0x0 c:/program files (x86)/atmel/atmel toolchain/avr8 gcc/native/3.4.1056/avr8-gnu-toolchain/bin/../lib/gcc/avr/4.8.1/avr5\libgcc.a(_udivmodhi4.o)
 .text.libgcc.fixed
                0x00000000        0x0 c:/program files (x86)/atmel/atmel toolchain/avr8 gcc/native/3.4.1056/avr8-gnu-toolchain/bin/../lib/gcc/avr/4.8.1/avr5\libgcc.a(_udivmodhi4.o)

Memory Configuration

Name             Origin             Length             Attributes
text             0x00000000         0x00020000         xr
data             0x00800060         0x0000ffa0         rw !x
eeprom           0x00810000         0x00010000         rw !x
fuse             0x00820000         0x00000400         rw !x
lock             0x00830000         0x00000400         rw !x
signature        0x00840000         0x00000400         rw !x
user_signatures  0x00850000         0x00000400         rw !x
*default*        0x00000000         0xffffffff

Linker script and memory map

Address of section .data set to 0x800100
LOAD c:/program files (x86)/atmel/atmel toolchain/avr8 gcc/native/3.4.1056/avr8-gnu-toolchain/bin/../lib/gcc/avr/4.8.1/../../../../avr/lib/avr5/crtm328p.o
LOAD Encoder/encoder.o
LOAD Fonts/terminal16x16.o
LOAD Fonts/terminal5x12.o
LOAD Fonts/terminal8x8b.o
LOAD menu.o
LOAD menudef.o
LOAD Pics/arrowup.o
LOAD Pics/battery.o
LOAD Pics/bulb.o
LOAD Pics/calculator.o
LOAD Pics/directory.o
LOAD Pics/floppy-disc.o
LOAD Pics/headphones.o
LOAD Pics/laptop.o
LOAD Pics/microphone.o
LOAD Pics/photography.o
LOAD Pics/plug.o
LOAD Pics/radio.o
LOAD Pics/tools.o
LOAD SPI/SPI.o
LOAD Main.o
LOAD ST7565/ST7565.o
START GROUP
LOAD c:/program files (x86)/atmel/atmel toolchain/avr8 gcc/native/3.4.1056/avr8-gnu-toolchain/bin/../lib/gcc/avr/4.8.1/../../../../avr/lib/avr5\libm.a
END GROUP
START GROUP
LOAD c:/program files (x86)/atmel/atmel toolchain/avr8 gcc/native/3.4.1056/avr8-gnu-toolchain/bin/../lib/gcc/avr/4.8.1/avr5\libgcc.a
LOAD c:/program files (x86)/atmel/atmel toolchain/avr8 gcc/native/3.4.1056/avr8-gnu-toolchain/bin/../lib/gcc/avr/4.8.1/../../../../avr/lib/avr5\libm.a
LOAD c:/program files (x86)/atmel/atmel toolchain/avr8 gcc/native/3.4.1056/avr8-gnu-toolchain/bin/../lib/gcc/avr/4.8.1/../../../../avr/lib/avr5\libc.a
END GROUP

.hash
 *(.hash)

.dynsym
 *(.dynsym)

.dynstr
 *(.dynstr)

.gnu.version
 *(.gnu.version)

.gnu.version_d
 *(.gnu.version_d)

.gnu.version_r
 *(.gnu.version_r)

.rel.init
 *(.rel.init)

.rela.init
 *(.rela.init)

.rel.text
 *(.rel.text)
 *(.rel.text.*)
 *(.rel.gnu.linkonce.t*)

.rela.text
 *(.rela.text)
 *(.rela.text.*)
 *(.rela.gnu.linkonce.t*)

.rel.fini
 *(.rel.fini)

.rela.fini
 *(.rela.fini)

.rel.rodata
 *(.rel.rodata)
 *(.rel.rodata.*)
 *(.rel.gnu.linkonce.r*)

.rela.rodata
 *(.rela.rodata)
 *(.rela.rodata.*)
 *(.rela.gnu.linkonce.r*)

.rel.data
 *(.rel.data)
 *(.rel.data.*)
 *(.rel.gnu.linkonce.d*)

.rela.data
 *(.rela.data)
 *(.rela.data.*)
 *(.rela.gnu.linkonce.d*)

.rel.ctors
 *(.rel.ctors)

.rela.ctors
 *(.rela.ctors)

.rel.dtors
 *(.rel.dtors)

.rela.dtors
 *(.rela.dtors)

.rel.got
 *(.rel.got)

.rela.got
 *(.rela.got)

.rel.bss
 *(.rel.bss)

.rela.bss
 *(.rela.bss)

.rel.plt
 *(.rel.plt)

.rela.plt
 *(.rela.plt)

.text           0x00000000     0x1496
 *(.vectors)
 .vectors       0x00000000       0x68 c:/program files (x86)/atmel/atmel toolchain/avr8 gcc/native/3.4.1056/avr8-gnu-toolchain/bin/../lib/gcc/avr/4.8.1/../../../../avr/lib/avr5/crtm328p.o
                0x00000000                __vector_default
                0x00000000                __vectors
 *(.vectors)
 *(.progmem.gcc*)
                0x00000068                . = ALIGN (0x2)
                0x00000068                __trampolines_start = .
 *(.trampolines)
 .trampolines   0x00000068        0x0 linker stubs
 *(.trampolines*)
                0x00000068                __trampolines_end = .
 *(.progmem*)
 .progmem.data.system8_array
                0x00000068       0xc2 Fonts/terminal8x8b.o
                0x00000068                system8_array
 .progmem.data.image_data_system8_0x7e
                0x0000012a        0x7 Fonts/terminal8x8b.o
 .progmem.data.image_data_system8_0x7d
                0x00000131        0x7 Fonts/terminal8x8b.o
 .progmem.data.image_data_system8_0x7c
                0x00000138        0x7 Fonts/terminal8x8b.o
 .progmem.data.image_data_system8_0x7b
                0x0000013f        0x7 Fonts/terminal8x8b.o
 .progmem.data.image_data_system8_0x7a
                0x00000146        0x7 Fonts/terminal8x8b.o
 .progmem.data.image_data_system8_0x79
                0x0000014d        0x7 Fonts/terminal8x8b.o
 .progmem.data.image_data_system8_0x78
                0x00000154        0x7 Fonts/terminal8x8b.o
 .progmem.data.image_data_system8_0x77
                0x0000015b        0x7 Fonts/terminal8x8b.o
 .progmem.data.image_data_system8_0x76
                0x00000162        0x7 Fonts/terminal8x8b.o
 .progmem.data.image_data_system8_0x75
                0x00000169        0x7 Fonts/terminal8x8b.o
 .progmem.data.image_data_system8_0x74
                0x00000170        0x7 Fonts/terminal8x8b.o
 .progmem.data.image_data_system8_0x73
                0x00000177        0x7 Fonts/terminal8x8b.o
 .progmem.data.image_data_system8_0x72
                0x0000017e        0x7 Fonts/terminal8x8b.o
 .progmem.data.image_data_system8_0x71
                0x00000185        0x7 Fonts/terminal8x8b.o
 .progmem.data.image_data_system8_0x70
                0x0000018c        0x7 Fonts/terminal8x8b.o
 .progmem.data.image_data_system8_0x6f
                0x00000193        0x7 Fonts/terminal8x8b.o
 .progmem.data.image_data_system8_0x6e
                0x0000019a        0x7 Fonts/terminal8x8b.o
 .progmem.data.image_data_system8_0x6d
                0x000001a1        0x7 Fonts/terminal8x8b.o
 .progmem.data.image_data_system8_0x6c
                0x000001a8        0x7 Fonts/terminal8x8b.o
 .progmem.data.image_data_system8_0x6b
                0x000001af        0x7 Fonts/terminal8x8b.o
 .progmem.data.image_data_system8_0x6a
                0x000001b6        0x7 Fonts/terminal8x8b.o
 .progmem.data.image_data_system8_0x69
                0x000001bd        0x7 Fonts/terminal8x8b.o
 .progmem.data.image_data_system8_0x68
                0x000001c4        0x7 Fonts/terminal8x8b.o
 .progmem.data.image_data_system8_0x67
                0x000001cb        0x7 Fonts/terminal8x8b.o
 .progmem.data.image_data_system8_0x66
                0x000001d2        0x7 Fonts/terminal8x8b.o
 .progmem.data.image_data_system8_0x65
                0x000001d9        0x7 Fonts/terminal8x8b.o
 .progmem.data.image_data_system8_0x64
                0x000001e0        0x7 Fonts/terminal8x8b.o
 .progmem.data.image_data_system8_0x63
                0x000001e7        0x7 Fonts/terminal8x8b.o
 .progmem.data.image_data_system8_0x62
                0x000001ee        0x7 Fonts/terminal8x8b.o
 .progmem.data.image_data_system8_0x61
                0x000001f5        0x7 Fonts/terminal8x8b.o
 .progmem.data.image_data_system8_0x60
                0x000001fc        0x7 Fonts/terminal8x8b.o
 .progmem.data.image_data_system8_0x5f
                0x00000203        0x7 Fonts/terminal8x8b.o
 .progmem.data.image_data_system8_0x5e
                0x0000020a        0x7 Fonts/terminal8x8b.o
 .progmem.data.image_data_system8_0x5d
                0x00000211        0x7 Fonts/terminal8x8b.o
 .progmem.data.image_data_system8_0x5c
                0x00000218        0x7 Fonts/terminal8x8b.o
 .progmem.data.image_data_system8_0x5b
                0x0000021f        0x7 Fonts/terminal8x8b.o
 .progmem.data.image_data_system8_0x5a
                0x00000226        0x7 Fonts/terminal8x8b.o
 .progmem.data.image_data_system8_0x59
                0x0000022d        0x7 Fonts/terminal8x8b.o
 .progmem.data.image_data_system8_0x58
                0x00000234        0x7 Fonts/terminal8x8b.o
 .progmem.data.image_data_system8_0x57
                0x0000023b        0x7 Fonts/terminal8x8b.o
 .progmem.data.image_data_system8_0x56
                0x00000242        0x7 Fonts/terminal8x8b.o
 .progmem.data.image_data_system8_0x55
                0x00000249        0x7 Fonts/terminal8x8b.o
 .progmem.data.image_data_system8_0x54
                0x00000250        0x7 Fonts/terminal8x8b.o
 .progmem.data.image_data_system8_0x53
                0x00000257        0x7 Fonts/terminal8x8b.o
 .progmem.data.image_data_system8_0x52
                0x0000025e        0x7 Fonts/terminal8x8b.o
 .progmem.data.image_data_system8_0x51
                0x00000265        0x7 Fonts/terminal8x8b.o
 .progmem.data.image_data_system8_0x50
                0x0000026c        0x7 Fonts/terminal8x8b.o
 .progmem.data.image_data_system8_0x4f
                0x00000273        0x7 Fonts/terminal8x8b.o
 .progmem.data.image_data_system8_0x4e
                0x0000027a        0x7 Fonts/terminal8x8b.o
 .progmem.data.image_data_system8_0x4d
                0x00000281        0x7 Fonts/terminal8x8b.o
 .progmem.data.image_data_system8_0x4c
                0x00000288        0x7 Fonts/terminal8x8b.o
 .progmem.data.image_data_system8_0x4b
                0x0000028f        0x7 Fonts/terminal8x8b.o
 .progmem.data.image_data_system8_0x4a
                0x00000296        0x7 Fonts/terminal8x8b.o
 .progmem.data.image_data_system8_0x49
                0x0000029d        0x7 Fonts/terminal8x8b.o
 .progmem.data.image_data_system8_0x48
                0x000002a4        0x7 Fonts/terminal8x8b.o
 .progmem.data.image_data_system8_0x47
                0x000002ab        0x7 Fonts/terminal8x8b.o
 .progmem.data.image_data_system8_0x46
                0x000002b2        0x7 Fonts/terminal8x8b.o
 .progmem.data.image_data_system8_0x45
                0x000002b9        0x7 Fonts/terminal8x8b.o
 .progmem.data.image_data_system8_0x44
                0x000002c0        0x7 Fonts/terminal8x8b.o
 .progmem.data.image_data_system8_0x43
                0x000002c7        0x7 Fonts/terminal8x8b.o
 .progmem.data.image_data_system8_0x42
                0x000002ce        0x7 Fonts/terminal8x8b.o
 .progmem.data.image_data_system8_0x41
                0x000002d5        0x7 Fonts/terminal8x8b.o
 .progmem.data.image_data_system8_0x40
                0x000002dc        0x7 Fonts/terminal8x8b.o
 .progmem.data.image_data_system8_0x3f
                0x000002e3        0x7 Fonts/terminal8x8b.o
 .progmem.data.image_data_system8_0x3e
                0x000002ea        0x7 Fonts/terminal8x8b.o
 .progmem.data.image_data_system8_0x3d
                0x000002f1        0x7 Fonts/terminal8x8b.o
 .progmem.data.image_data_system8_0x3c
                0x000002f8        0x7 Fonts/terminal8x8b.o
 .progmem.data.image_data_system8_0x3b
                0x000002ff        0x7 Fonts/terminal8x8b.o
 .progmem.data.image_data_system8_0x3a
                0x00000306        0x7 Fonts/terminal8x8b.o
 .progmem.data.image_data_system8_0x39
                0x0000030d        0x7 Fonts/terminal8x8b.o
 .progmem.data.image_data_system8_0x38
                0x00000314        0x7 Fonts/terminal8x8b.o
 .progmem.data.image_data_system8_0x37
                0x0000031b        0x7 Fonts/terminal8x8b.o
 .progmem.data.image_data_system8_0x36
                0x00000322        0x7 Fonts/terminal8x8b.o
 .progmem.data.image_data_system8_0x35
                0x00000329        0x7 Fonts/terminal8x8b.o
 .progmem.data.image_data_system8_0x34
                0x00000330        0x7 Fonts/terminal8x8b.o
 .progmem.data.image_data_system8_0x33
                0x00000337        0x7 Fonts/terminal8x8b.o
 .progmem.data.image_data_system8_0x32
                0x0000033e        0x7 Fonts/terminal8x8b.o
 .progmem.data.image_data_system8_0x31
                0x00000345        0x7 Fonts/terminal8x8b.o
 .progmem.data.image_data_system8_0x30
                0x0000034c        0x7 Fonts/terminal8x8b.o
 .progmem.data.image_data_system8_0x2f
                0x00000353        0x7 Fonts/terminal8x8b.o
 .progmem.data.image_data_system8_0x2e
                0x0000035a        0x7 Fonts/terminal8x8b.o
 .progmem.data.image_data_system8_0x2d
                0x00000361        0x7 Fonts/terminal8x8b.o
 .progmem.data.image_data_system8_0x2c
                0x00000368        0x7 Fonts/terminal8x8b.o
 .progmem.data.image_data_system8_0x2b
                0x0000036f        0x7 Fonts/terminal8x8b.o
 .progmem.data.image_data_system8_0x2a
                0x00000376        0x7 Fonts/terminal8x8b.o
 .progmem.data.image_data_system8_0x29
                0x0000037d        0x7 Fonts/terminal8x8b.o
 .progmem.data.image_data_system8_0x28
                0x00000384        0x7 Fonts/terminal8x8b.o
 .progmem.data.image_data_system8_0x27
                0x0000038b        0x7 Fonts/terminal8x8b.o
 .progmem.data.image_data_system8_0x26
                0x00000392        0x7 Fonts/terminal8x8b.o
 .progmem.data.image_data_system8_0x25
                0x00000399        0x7 Fonts/terminal8x8b.o
 .progmem.data.image_data_system8_0x24
                0x000003a0        0x7 Fonts/terminal8x8b.o
 .progmem.data.image_data_system8_0x23
                0x000003a7        0x7 Fonts/terminal8x8b.o
 .progmem.data.image_data_system8_0x22
                0x000003ae        0x7 Fonts/terminal8x8b.o
 .progmem.data.image_data_system8_0x21
                0x000003b5        0x7 Fonts/terminal8x8b.o
 .progmem.data.image_data_system8_0x20
                0x000003bc        0x7 Fonts/terminal8x8b.o
 .progmem.data.__c.1866
                0x000003c3        0xc menudef.o
 .progmem.data.__c.1862
                0x000003cf        0xc menudef.o
 .progmem.data.__c.1858
                0x000003db        0xc menudef.o
 .progmem.data.__c.1854
                0x000003e7        0xc menudef.o
 .progmem.data.__c.1850
                0x000003f3        0xc menudef.o
 .progmem.data.__c.1846
                0x000003ff        0xc menudef.o
 .progmem.data.__c.1842
                0x0000040b        0xc menudef.o
 .progmem.data.menu1
                0x00000417        0xa menudef.o
                0x00000417                menu1
 .progmem.data.menu2
                0x00000421        0xa menudef.o
                0x00000421                menu2
 .progmem.data.menu3
                0x0000042b        0xa menudef.o
                0x0000042b                menu3
 .progmem.data.menu4
                0x00000435        0xa menudef.o
                0x00000435                menu4
 .progmem.data.menuA2
                0x0000043f        0xa menudef.o
                0x0000043f                menuA2
 .progmem.data.menuA3
                0x00000449        0xa menudef.o
                0x00000449                menuA3
 .progmem.data.menuA4
                0x00000453        0xa menudef.o
                0x00000453                menuA4
 .progmem.data.menuB2
                0x0000045d        0xa menudef.o
                0x0000045d                menuB2
 .progmem.data.menuB3
                0x00000467        0xa menudef.o
                0x00000467                menuB3
 .progmem.data.menuB1
                0x00000471        0xa menudef.o
                0x00000471                menuB1
 .progmem.data.menuA1
                0x0000047b        0xa menudef.o
                0x0000047b                menuA1
 .progmem.data.menu
                0x00000485        0xa menudef.o
                0x00000485                menu
 .progmem.data.image_data_arrowup
                0x0000048f       0x4a Pics/arrowup.o
                0x0000048f                image_data_arrowup
 .progmem.data.image_data_battery
                0x000004d9       0x4a Pics/battery.o
                0x000004d9                image_data_battery
 .progmem.data.image_data_bulb
                0x00000523       0x4a Pics/bulb.o
                0x00000523                image_data_bulb
 .progmem.data.image_data_calculator
                0x0000056d       0x4a Pics/calculator.o
                0x0000056d                image_data_calculator
 .progmem.data.image_data_directory
                0x000005b7        0xa Pics/directory.o
                0x000005b7                image_data_directory
 .progmem.data.image_data_floppydisc
                0x000005c1       0x4a Pics/floppy-disc.o
                0x000005c1                image_data_floppydisc
 .progmem.data.image_data_headphones
                0x0000060b       0x4a Pics/headphones.o
                0x0000060b                image_data_headphones
 .progmem.data.image_data_laptop
                0x00000655       0x4a Pics/laptop.o
                0x00000655                image_data_laptop
 .progmem.data.image_data_microphone
                0x0000069f       0x4a Pics/microphone.o
                0x0000069f                image_data_microphone
 .progmem.data.image_data_photography
                0x000006e9       0x4a Pics/photography.o
                0x000006e9                image_data_photography
 .progmem.data.image_data_radio
                0x00000733       0x4a Pics/radio.o
                0x00000733                image_data_radio
 .progmem.data.image_data_tools
                0x0000077d       0x4a Pics/tools.o
                0x0000077d                image_data_tools
                0x000007c8                . = ALIGN (0x2)
 *fill*         0x000007c7        0x1 
 *(.jumptables)
 *(.jumptables*)
 *(.lowtext)
 *(.lowtext*)
                0x000007c8                __ctors_start = .
 *(.ctors)
                0x000007c8                __ctors_end = .
                0x000007c8                __dtors_start = .
 *(.dtors)
                0x000007c8                __dtors_end = .
 SORT(*)(.ctors)
 SORT(*)(.dtors)
 *(.init0)
 .init0         0x000007c8        0x0 c:/program files (x86)/atmel/atmel toolchain/avr8 gcc/native/3.4.1056/avr8-gnu-toolchain/bin/../lib/gcc/avr/4.8.1/../../../../avr/lib/avr5/crtm328p.o
                0x000007c8                __init
 *(.init0)
 *(.init1)
 *(.init1)
 *(.init2)
 .init2         0x000007c8        0xc c:/program files (x86)/atmel/atmel toolchain/avr8 gcc/native/3.4.1056/avr8-gnu-toolchain/bin/../lib/gcc/avr/4.8.1/../../../../avr/lib/avr5/crtm328p.o
 *(.init2)
 *(.init3)
 *(.init3)
 *(.init4)
 .init4         0x000007d4       0x16 c:/program files (x86)/atmel/atmel toolchain/avr8 gcc/native/3.4.1056/avr8-gnu-toolchain/bin/../lib/gcc/avr/4.8.1/avr5\libgcc.a(_copy_data.o)
                0x000007d4                __do_copy_data
 .init4         0x000007ea       0x10 c:/program files (x86)/atmel/atmel toolchain/avr8 gcc/native/3.4.1056/avr8-gnu-toolchain/bin/../lib/gcc/avr/4.8.1/avr5\libgcc.a(_clear_bss.o)
                0x000007ea                __do_clear_bss
 *(.init4)
 *(.init5)
 *(.init5)
 *(.init6)
 *(.init6)
 *(.init7)
 *(.init7)
 *(.init8)
 *(.init8)
 *(.init9)
 .init9         0x000007fa        0x8 c:/program files (x86)/atmel/atmel toolchain/avr8 gcc/native/3.4.1056/avr8-gnu-toolchain/bin/../lib/gcc/avr/4.8.1/../../../../avr/lib/avr5/crtm328p.o
 *(.init9)
 *(.text)
 .text          0x00000802        0x4 c:/program files (x86)/atmel/atmel toolchain/avr8 gcc/native/3.4.1056/avr8-gnu-toolchain/bin/../lib/gcc/avr/4.8.1/../../../../avr/lib/avr5/crtm328p.o
                0x00000802                __vector_22
                0x00000802                __vector_1
                0x00000802                __vector_24
                0x00000802                __vector_12
                0x00000802                __bad_interrupt
                0x00000802                __vector_6
                0x00000802                __vector_3
                0x00000802                __vector_23
                0x00000802                __vector_25
                0x00000802                __vector_11
                0x00000802                __vector_13
                0x00000802                __vector_17
                0x00000802                __vector_19
                0x00000802                __vector_7
                0x00000802                __vector_5
                0x00000802                __vector_4
                0x00000802                __vector_9
                0x00000802                __vector_2
                0x00000802                __vector_21
                0x00000802                __vector_15
                0x00000802                __vector_8
                0x00000802                __vector_14
                0x00000802                __vector_10
                0x00000802                __vector_18
                0x00000802                __vector_20
                0x00000806                . = ALIGN (0x2)
 *(.text.*)
 .text.ReadEncoder
                0x00000806       0xb8 Encoder/encoder.o
 .text.__vector_16
                0x000008be       0x48 Encoder/encoder.o
                0x000008be                __vector_16
 .text.GetEncButton
                0x00000906        0xe Encoder/encoder.o
                0x00000906                GetEncButton
 .text.Read4StepEncoder
                0x00000914       0x16 Encoder/encoder.o
                0x00000914                Read4StepEncoder
 .text.EncoderInit
                0x0000092a        0x8 Encoder/encoder.o
                0x0000092a                EncoderInit
 .text.Menu_GetMenuItemsNo
                0x00000932       0x1e menu.o
                0x00000932                Menu_GetMenuItemsNo
 .text.Menu_GetMenuItem
                0x00000950       0x20 menu.o
                0x00000950                Menu_GetMenuItem
 .text.Menu_GetMenuRows
                0x00000970       0x20 menu.o
                0x00000970                Menu_GetMenuRows
 .text.Menu_GetMenuCols
                0x00000990       0x1e menu.o
                0x00000990                Menu_GetMenuCols
 .text.Menu_Show
                0x000009ae      0x236 menu.o
                0x000009ae                Menu_Show
 .text.Menu_SelectNext
                0x00000be4       0x5c menu.o
                0x00000be4                Menu_SelectNext
 .text.Menu_SelectPrev
                0x00000c40       0x4a menu.o
                0x00000c40                Menu_SelectPrev
 .text.Menu_Back
                0x00000c8a       0x20 menu.o
                0x00000c8a                Menu_Back
 .text.Menu_Click
                0x00000caa       0x40 menu.o
                0x00000caa                Menu_Click
 .text.menufunc1
                0x00000cea       0x3e menudef.o
                0x00000cea                menufunc1
 .text.menufunc2
                0x00000d28       0x3e menudef.o
                0x00000d28                menufunc2
 .text.menufunc3
                0x00000d66       0x3e menudef.o
                0x00000d66                menufunc3
 .text.menufunc4
                0x00000da4       0x3e menudef.o
                0x00000da4                menufunc4
 .text.menufunc5
                0x00000de2       0x3e menudef.o
                0x00000de2                menufunc5
 .text.menufunc6
                0x00000e20       0x3e menudef.o
                0x00000e20                menufunc6
 .text.menufunc7
                0x00000e5e       0x3e menudef.o
                0x00000e5e                menufunc7
 .text.SPI_init
                0x00000e9c        0xa SPI/SPI.o
                0x00000e9c                SPI_init
 .text.SPI_RW_Byte
                0x00000ea6        0xc SPI/SPI.o
                0x00000ea6                SPI_RW_Byte
 .text.LCD_Init
                0x00000eb2        0xe Main.o
                0x00000eb2                LCD_Init
 .text.startup.main
                0x00000ec0       0x46 Main.o
                0x00000ec0                main
 .text.st7565r_wr_cmd
                0x00000f06        0xc ST7565/ST7565.o
 .text.st7565r_reset
                0x00000f12       0x16 ST7565/ST7565.o
                0x00000f12                st7565r_reset
 .text.st7565r_wr_data
                0x00000f28        0xe ST7565/ST7565.o
                0x00000f28                st7565r_wr_data
 .text.st7565r_set_contrast
                0x00000f36       0x20 ST7565/ST7565.o
                0x00000f36                st7565r_set_contrast
 .text.st7565r_init
                0x00000f56       0x46 ST7565/ST7565.o
                0x00000f56                st7565r_init
 .text.st7565r_SetPixel
                0x00000f9c       0x58 ST7565/ST7565.o
                0x00000f9c                st7565r_SetPixel
 .text.st7565r_CpyDirtyPages
                0x00000ff4       0x78 ST7565/ST7565.o
                0x00000ff4                st7565r_CpyDirtyPages
 .text.st7565r_Clear
                0x0000106c       0x2e ST7565/ST7565.o
                0x0000106c                st7565r_Clear
 .text.st7565r_LineTo
                0x0000109a      0x104 ST7565/ST7565.o
                0x0000109a                st7565r_LineTo
 .text.st7565r_MoveTo
                0x0000119e        0xa ST7565/ST7565.o
                0x0000119e                st7565r_MoveTo
 .text.st7565r_SetText
                0x000011a8      0x18a ST7565/ST7565.o
                0x000011a8                st7565r_SetText
 .text.st7565r_draw_bitmap_mono
                0x00001332      0x110 ST7565/ST7565.o
                0x00001332                st7565r_draw_bitmap_mono
 .text.libgcc.div
                0x00001442       0x28 c:/program files (x86)/atmel/atmel toolchain/avr8 gcc/native/3.4.1056/avr8-gnu-toolchain/bin/../lib/gcc/avr/4.8.1/avr5\libgcc.a(_divmodhi4.o)
                0x00001442                _div
                0x00001442                __divmodhi4
 .text.libgcc.div
                0x0000146a       0x28 c:/program files (x86)/atmel/atmel toolchain/avr8 gcc/native/3.4.1056/avr8-gnu-toolchain/bin/../lib/gcc/avr/4.8.1/avr5\libgcc.a(_udivmodhi4.o)
                0x0000146a                __udivmodhi4
                0x00001492                . = ALIGN (0x2)
 *(.fini9)
 .fini9         0x00001492        0x0 c:/program files (x86)/atmel/atmel toolchain/avr8 gcc/native/3.4.1056/avr8-gnu-toolchain/bin/../lib/gcc/avr/4.8.1/avr5\libgcc.a(_exit.o)
                0x00001492                _exit
                0x00001492                exit
 *(.fini9)
 *(.fini8)
 *(.fini8)
 *(.fini7)
 *(.fini7)
 *(.fini6)
 *(.fini6)
 *(.fini5)
 *(.fini5)
 *(.fini4)
 *(.fini4)
 *(.fini3)
 *(.fini3)
 *(.fini2)
 *(.fini2)
 *(.fini1)
 *(.fini1)
 *(.fini0)
 .fini0         0x00001492        0x4 c:/program files (x86)/atmel/atmel toolchain/avr8 gcc/native/3.4.1056/avr8-gnu-toolchain/bin/../lib/gcc/avr/4.8.1/avr5\libgcc.a(_exit.o)
 *(.fini0)
                0x00001496                _etext = .

.data           0x00800100        0x2 load address 0x00001496
                0x00800100                PROVIDE (__data_start, .)
 *(.data)
 .data          0x00800100        0x0 c:/program files (x86)/atmel/atmel toolchain/avr8 gcc/native/3.4.1056/avr8-gnu-toolchain/bin/../lib/gcc/avr/4.8.1/../../../../avr/lib/avr5/crtm328p.o
 .data          0x00800100        0x0 Encoder/encoder.o
 .data          0x00800100        0x0 Fonts/terminal16x16.o
 .data          0x00800100        0x0 Fonts/terminal5x12.o
 .data          0x00800100        0x0 Fonts/terminal8x8b.o
 .data          0x00800100        0x0 menu.o
 .data          0x00800100        0x0 menudef.o
 .data          0x00800100        0x0 Pics/arrowup.o
 .data          0x00800100        0x0 Pics/battery.o
 .data          0x00800100        0x0 Pics/bulb.o
 .data          0x00800100        0x0 Pics/calculator.o
 .data          0x00800100        0x0 Pics/directory.o
 .data          0x00800100        0x0 Pics/floppy-disc.o
 .data          0x00800100        0x0 Pics/headphones.o
 .data          0x00800100        0x0 Pics/laptop.o
 .data          0x00800100        0x0 Pics/microphone.o
 .data          0x00800100        0x0 Pics/photography.o
 .data          0x00800100        0x0 Pics/plug.o
 .data          0x00800100        0x0 Pics/radio.o
 .data          0x00800100        0x0 Pics/tools.o
 .data          0x00800100        0x0 SPI/SPI.o
 .data          0x00800100        0x0 Main.o
 .data          0x00800100        0x0 ST7565/ST7565.o
 .data          0x00800100        0x0 c:/program files (x86)/atmel/atmel toolchain/avr8 gcc/native/3.4.1056/avr8-gnu-toolchain/bin/../lib/gcc/avr/4.8.1/avr5\libgcc.a(_divmodhi4.o)
 .data          0x00800100        0x0 c:/program files (x86)/atmel/atmel toolchain/avr8 gcc/native/3.4.1056/avr8-gnu-toolchain/bin/../lib/gcc/avr/4.8.1/avr5\libgcc.a(_exit.o)
 .data          0x00800100        0x0 c:/program files (x86)/atmel/atmel toolchain/avr8 gcc/native/3.4.1056/avr8-gnu-toolchain/bin/../lib/gcc/avr/4.8.1/avr5\libgcc.a(_copy_data.o)
 .data          0x00800100        0x0 c:/program files (x86)/atmel/atmel toolchain/avr8 gcc/native/3.4.1056/avr8-gnu-toolchain/bin/../lib/gcc/avr/4.8.1/avr5\libgcc.a(_clear_bss.o)
 .data          0x00800100        0x0 c:/program files (x86)/atmel/atmel toolchain/avr8 gcc/native/3.4.1056/avr8-gnu-toolchain/bin/../lib/gcc/avr/4.8.1/avr5\libgcc.a(_udivmodhi4.o)
 *(.data*)
 .data.currMenuPtr
                0x00800100        0x2 menu.o
 *(.rodata)
 *(.rodata*)
 *(.gnu.linkonce.d*)
                0x00800102                . = ALIGN (0x2)
                0x00800102                _edata = .
                0x00800102                PROVIDE (__data_end, .)

.bss            0x00800102      0x20e
                0x00800102                PROVIDE (__bss_start, .)
 *(.bss)
 *(.bss*)
 .bss.last.1795
                0x00800102        0x1 Encoder/encoder.o
 .bss.counters.1796
                0x00800103        0x3 Encoder/encoder.o
 .bss.laststate
                0x00800106        0x1 Encoder/encoder.o
 .bss.enc_delta
                0x00800107        0x1 Encoder/encoder.o
 .bss.menufirstpos
                0x00800108        0x1 menu.o
 .bss.menuindex
                0x00800109        0x1 menu.o
 *(COMMON)
 COMMON         0x0080010a      0x206 ST7565/ST7565.o
                0x0080010a                GLCD_y
                0x0080010b                GLCD_x
                0x0080010c                LCD_FrameBuffer
                0x00800310                PROVIDE (__bss_end, .)
                0x00001496                __data_load_start = LOADADDR (.data)
                0x00001498                __data_load_end = (__data_load_start + SIZEOF (.data))

.noinit         0x00800310        0x0
                0x00800310                PROVIDE (__noinit_start, .)
 *(.noinit*)
                0x00800310                PROVIDE (__noinit_end, .)
                0x00800310                _end = .
                0x00800310                PROVIDE (__heap_start, .)

.eeprom         0x00810000        0x0
 *(.eeprom*)
                0x00810000                __eeprom_end = .

.fuse
 *(.fuse)
 *(.lfuse)
 *(.hfuse)
 *(.efuse)

.lock
 *(.lock*)

.signature
 *(.signature*)

.user_signatures
 *(.user_signatures*)

.stab
 *(.stab)

.stabstr
 *(.stabstr)

.stab.excl
 *(.stab.excl)

.stab.exclstr
 *(.stab.exclstr)

.stab.index
 *(.stab.index)

.stab.indexstr
 *(.stab.indexstr)

.comment        0x00000000       0x30
 *(.comment)
 .comment       0x00000000       0x30 Encoder/encoder.o
                                 0x31 (size before relaxing)
 .comment       0x00000000       0x31 Fonts/terminal16x16.o
 .comment       0x00000000       0x31 Fonts/terminal5x12.o
 .comment       0x00000000       0x31 Fonts/terminal8x8b.o
 .comment       0x00000000       0x31 menu.o
 .comment       0x00000000       0x31 menudef.o
 .comment       0x00000000       0x31 Pics/arrowup.o
 .comment       0x00000000       0x31 Pics/battery.o
 .comment       0x00000000       0x31 Pics/bulb.o
 .comment       0x00000000       0x31 Pics/calculator.o
 .comment       0x00000000       0x31 Pics/directory.o
 .comment       0x00000000       0x31 Pics/floppy-disc.o
 .comment       0x00000000       0x31 Pics/headphones.o
 .comment       0x00000000       0x31 Pics/laptop.o
 .comment       0x00000000       0x31 Pics/microphone.o
 .comment       0x00000000       0x31 Pics/photography.o
 .comment       0x00000000       0x31 Pics/plug.o
 .comment       0x00000000       0x31 Pics/radio.o
 .comment       0x00000000       0x31 Pics/tools.o
 .comment       0x00000000       0x31 SPI/SPI.o
 .comment       0x00000000       0x31 Main.o
 .comment       0x00000000       0x31 ST7565/ST7565.o

.note.gnu.build-id
 *(.note.gnu.build-id)

.debug
 *(.debug)

.line
 *(.line)

.debug_srcinfo
 *(.debug_srcinfo)

.debug_sfnames
 *(.debug_sfnames)

.debug_aranges  0x00000000      0x390
 *(.debug_aranges)
 .debug_aranges
                0x00000000       0x58 Encoder/encoder.o
 .debug_aranges
                0x00000058       0x18 Fonts/terminal16x16.o
 .debug_aranges
                0x00000070       0x18 Fonts/terminal5x12.o
 .debug_aranges
                0x00000088       0x18 Fonts/terminal8x8b.o
 .debug_aranges
                0x000000a0       0x60 menu.o
 .debug_aranges
                0x00000100       0x50 menudef.o
 .debug_aranges
                0x00000150       0x18 Pics/arrowup.o
 .debug_aranges
                0x00000168       0x18 Pics/battery.o
 .debug_aranges
                0x00000180       0x18 Pics/bulb.o
 .debug_aranges
                0x00000198       0x18 Pics/calculator.o
 .debug_aranges
                0x000001b0       0x18 Pics/directory.o
 .debug_aranges
                0x000001c8       0x18 Pics/floppy-disc.o
 .debug_aranges
                0x000001e0       0x18 Pics/headphones.o
 .debug_aranges
                0x000001f8       0x18 Pics/laptop.o
 .debug_aranges
                0x00000210       0x18 Pics/microphone.o
 .debug_aranges
                0x00000228       0x18 Pics/photography.o
 .debug_aranges
                0x00000240       0x18 Pics/plug.o
 .debug_aranges
                0x00000258       0x18 Pics/radio.o
 .debug_aranges
                0x00000270       0x18 Pics/tools.o
 .debug_aranges
                0x00000288       0x28 SPI/SPI.o
 .debug_aranges
                0x000002b0       0x30 Main.o
 .debug_aranges
                0x000002e0       0xb0 ST7565/ST7565.o

.debug_pubnames
 *(.debug_pubnames)

.debug_info     0x00000000     0x44d4
 *(.debug_info .gnu.linkonce.wi.*)
 .debug_info    0x00000000      0x23e Encoder/encoder.o
 .debug_info    0x0000023e      0x8fd Fonts/terminal16x16.o
 .debug_info    0x00000b3b      0x8fd Fonts/terminal5x12.o
 .debug_info    0x00001438      0x8fd Fonts/terminal8x8b.o
 .debug_info    0x00001d35      0x576 menu.o
 .debug_info    0x000022ab      0x7ee menudef.o
 .debug_info    0x00002a99       0x8f Pics/arrowup.o
 .debug_info    0x00002b28       0x8f Pics/battery.o
 .debug_info    0x00002bb7       0x8f Pics/bulb.o
 .debug_info    0x00002c46       0x8f Pics/calculator.o
 .debug_info    0x00002cd5       0x8f Pics/directory.o
 .debug_info    0x00002d64       0x8f Pics/floppy-disc.o
 .debug_info    0x00002df3       0x8f Pics/headphones.o
 .debug_info    0x00002e82       0x8f Pics/laptop.o
 .debug_info    0x00002f11       0x8f Pics/microphone.o
 .debug_info    0x00002fa0       0x8f Pics/photography.o
 .debug_info    0x0000302f       0x8f Pics/plug.o
 .debug_info    0x000030be       0x8f Pics/radio.o
 .debug_info    0x0000314d       0x8f Pics/tools.o
 .debug_info    0x000031dc       0xa8 SPI/SPI.o
 .debug_info    0x00003284      0x20c Main.o
 .debug_info    0x00003490     0x1044 ST7565/ST7565.o

.debug_abbrev   0x00000000      0xfa5
 *(.debug_abbrev)
 .debug_abbrev  0x00000000      0x113 Encoder/encoder.o
 .debug_abbrev  0x00000113       0x86 Fonts/terminal16x16.o
 .debug_abbrev  0x00000199       0x86 Fonts/terminal5x12.o
 .debug_abbrev  0x0000021f       0x86 Fonts/terminal8x8b.o
 .debug_abbrev  0x000002a5      0x20b menu.o
 .debug_abbrev  0x000004b0      0x193 menudef.o
 .debug_abbrev  0x00000643       0x5d Pics/arrowup.o
 .debug_abbrev  0x000006a0       0x5d Pics/battery.o
 .debug_abbrev  0x000006fd       0x5d Pics/bulb.o
 .debug_abbrev  0x0000075a       0x5d Pics/calculator.o
 .debug_abbrev  0x000007b7       0x5d Pics/directory.o
 .debug_abbrev  0x00000814       0x5d Pics/floppy-disc.o
 .debug_abbrev  0x00000871       0x5d Pics/headphones.o
 .debug_abbrev  0x000008ce       0x5d Pics/laptop.o
 .debug_abbrev  0x0000092b       0x5d Pics/microphone.o
 .debug_abbrev  0x00000988       0x5d Pics/photography.o
 .debug_abbrev  0x000009e5       0x5d Pics/plug.o
 .debug_abbrev  0x00000a42       0x5d Pics/radio.o
 .debug_abbrev  0x00000a9f       0x5d Pics/tools.o
 .debug_abbrev  0x00000afc       0x76 SPI/SPI.o
 .debug_abbrev  0x00000b72      0x116 Main.o
 .debug_abbrev  0x00000c88      0x31d ST7565/ST7565.o

.debug_line     0x00000000     0x1567
 *(.debug_line .debug_line.* .debug_line_end)
 .debug_line    0x00000000      0x16f Encoder/encoder.o
 .debug_line    0x0000016f       0xa7 Fonts/terminal16x16.o
 .debug_line    0x00000216       0xa6 Fonts/terminal5x12.o
 .debug_line    0x000002bc       0xa6 Fonts/terminal8x8b.o
 .debug_line    0x00000362      0x1d0 menu.o
 .debug_line    0x00000532      0x207 menudef.o
 .debug_line    0x00000739       0xa0 Pics/arrowup.o
 .debug_line    0x000007d9       0xa0 Pics/battery.o
 .debug_line    0x00000879       0x9d Pics/bulb.o
 .debug_line    0x00000916       0xa3 Pics/calculator.o
 .debug_line    0x000009b9       0xa2 Pics/directory.o
 .debug_line    0x00000a5b       0xa4 Pics/floppy-disc.o
 .debug_line    0x00000aff       0xa3 Pics/headphones.o
 .debug_line    0x00000ba2       0x9f Pics/laptop.o
 .debug_line    0x00000c41       0xa3 Pics/microphone.o
 .debug_line    0x00000ce4       0xa4 Pics/photography.o
 .debug_line    0x00000d88       0x9d Pics/plug.o
 .debug_line    0x00000e25       0x9e Pics/radio.o
 .debug_line    0x00000ec3       0x9e Pics/tools.o
 .debug_line    0x00000f61       0xc2 SPI/SPI.o
 .debug_line    0x00001023      0x134 Main.o
 .debug_line    0x00001157      0x410 ST7565/ST7565.o

.debug_frame    0x00000000      0x674
 *(.debug_frame)
 .debug_frame   0x00000000       0xdc Encoder/encoder.o
 .debug_frame   0x000000dc      0x124 menu.o
 .debug_frame   0x00000200       0xf4 menudef.o
 .debug_frame   0x000002f4       0x34 SPI/SPI.o
 .debug_frame   0x00000328       0x44 Main.o
 .debug_frame   0x0000036c      0x308 ST7565/ST7565.o

.debug_str      0x00000000     0x253b
 *(.debug_str)
 .debug_str     0x00000000      0x1e9 Encoder/encoder.o
                                0x22a (size before relaxing)
 .debug_str     0x000001e9      0x96f Fonts/terminal16x16.o
                                0xad4 (size before relaxing)
 .debug_str     0x00000b58      0x96e Fonts/terminal5x12.o
                                0xad3 (size before relaxing)
 .debug_str     0x000014c6      0x90e Fonts/terminal8x8b.o
                                0xa73 (size before relaxing)
 .debug_str     0x00001dd4      0x1b1 menu.o
                                0x325 (size before relaxing)
 .debug_str     0x00001f85      0x1d2 menudef.o
                                0x3ab (size before relaxing)
 .debug_str     0x00002157       0x12 Pics/arrowup.o
                                0x18a (size before relaxing)
 .debug_str     0x00002169       0x12 Pics/battery.o
                                0x18a (size before relaxing)
 .debug_str     0x0000217b        0xf Pics/bulb.o
                                0x184 (size before relaxing)
 .debug_str     0x0000218a       0x15 Pics/calculator.o
                                0x190 (size before relaxing)
 .debug_str     0x0000219f       0x14 Pics/directory.o
                                0x18e (size before relaxing)
 .debug_str     0x000021b3       0x16 Pics/floppy-disc.o
                                0x191 (size before relaxing)
 .debug_str     0x000021c9       0x15 Pics/headphones.o
                                0x190 (size before relaxing)
 .debug_str     0x000021de       0x11 Pics/laptop.o
                                0x188 (size before relaxing)
 .debug_str     0x000021ef       0x15 Pics/microphone.o
                                0x190 (size before relaxing)
 .debug_str     0x00002204       0x16 Pics/photography.o
                                0x192 (size before relaxing)
 .debug_str     0x0000221a       0x1f Pics/plug.o
                                0x184 (size before relaxing)
 .debug_str     0x00002239       0x10 Pics/radio.o
                                0x186 (size before relaxing)
 .debug_str     0x00002249       0x10 Pics/tools.o
                                0x186 (size before relaxing)
 .debug_str     0x00002259       0x27 SPI/SPI.o
                                0x183 (size before relaxing)
 .debug_str     0x00002280       0x43 Main.o
                                0x222 (size before relaxing)
 .debug_str     0x000022c3      0x278 ST7565/ST7565.o
                                0x4d4 (size before relaxing)

.debug_loc      0x00000000     0x1a5b
 *(.debug_loc)
 .debug_loc     0x00000000      0x185 Encoder/encoder.o
 .debug_loc     0x00000185      0x33f menu.o
 .debug_loc     0x000004c4      0x1a4 menudef.o
 .debug_loc     0x00000668       0x1f SPI/SPI.o
 .debug_loc     0x00000687       0x53 Main.o
 .debug_loc     0x000006da     0x1381 ST7565/ST7565.o

.debug_macinfo
 *(.debug_macinfo)

.debug_weaknames
 *(.debug_weaknames)

.debug_funcnames
 *(.debug_funcnames)

.debug_typenames
 *(.debug_typenames)

.debug_varnames
 *(.debug_varnames)

.debug_pubtypes
 *(.debug_pubtypes)

.debug_ranges   0x00000000      0x338
 *(.debug_ranges)
 .debug_ranges  0x00000000       0x48 Encoder/encoder.o
 .debug_ranges  0x00000048       0xc8 menu.o
 .debug_ranges  0x00000110       0x40 menudef.o
 .debug_ranges  0x00000150       0x18 SPI/SPI.o
 .debug_ranges  0x00000168       0x20 Main.o
 .debug_ranges  0x00000188      0x1b0 ST7565/ST7565.o

.debug_macro
 *(.debug_macro)
OUTPUT(ST7565-Menu-pic.elf elf32-avr)
LOAD linker stubs
